#
# A fatal error has been detected by the Java Runtime Environment:
#
#  EXCEPTION_ACCESS_VIOLATION (0xc0000005) at pc=0x00007ffb1d10ca66, pid=24472, tid=20512
#
# JRE version: OpenJDK Runtime Environment Temurin-21.0.10+7 (21.0.10+7) (build 21.0.10+7-LTS)
# Java VM: OpenJDK 64-Bit Server VM Temurin-21.0.10+7 (21.0.10+7-LTS, mixed mode, emulated-client, sharing, tiered, compressed oops, compressed class ptrs, g1 gc, windows-amd64)
# Problematic frame:
# V  [jvm.dll+0xca66]
#
# No core dump will be written. Minidumps are not enabled by default on client versions of Windows
#
# If you would like to submit a bug report, please visit:
#   https://github.com/adoptium/adoptium-support/issues
#

---------------  S U M M A R Y ------------

Command Line: -XX:+ShowCodeDetailsInExceptionMessages -agentlib:jdwp=transport=dt_socket,suspend=y,address=localhost:53113 -Dcom.sun.management.jmxremote -Dcom.sun.management.jmxremote.port=53110 -Dcom.sun.management.jmxremote.authenticate=false -Dcom.sun.management.jmxremote.ssl=false -Djava.rmi.server.hostname=localhost -Dspring.jmx.enabled=true -Dmanagement.endpoints.jmx.exposure.include=* -Dspring.application.admin.enabled=true -Dspring.output.ansi.enabled=always -XX:TieredStopAtLevel=1 -Dspring.boot.project.name=CounselingReservationSystem -javaagent:C:\pleiades\2026-03\eclipse\configuration\org.eclipse.osgi\258\0\.cp\lib\javaagent-shaded.jar -Dfile.encoding=UTF-8 -Dstdout.encoding=UTF-8 -Dstderr.encoding=UTF-8 com.example.demo.CounselingReservationSystemApplication

Host: Intel(R) Core(TM) Ultra 5 235, 14 cores, 15G,  Windows 11 , 64 bit Build 26100 (10.0.26100.8875)
Time: Tue Aug 18 15:20:37 2026 elapsed time: 13171.997304 seconds (0d 3h 39m 31s)

---------------  T H R E A D  ---------------

Current thread (0x00000227fe42f680):  WorkerThread "GC Thread#8"    [id=20512, stack(0x000000a4be000000,0x000000a4be100000) (1024K)]

Stack: [0x000000a4be000000,0x000000a4be100000],  sp=0x000000a4be0fde48,  free space=1015k
Native frames: (J=compiled Java code, j=interpreted, Vv=VM code, C=native code)
V  [jvm.dll+0xca66]

JavaThread 0x00000227c2bf12f0 (nid = 5636) was being processed
Java frames: (J=compiled Java code, j=interpreted, Vv=VM code)
j  java.lang.invoke.DirectMethodHandle$Holder.newInvokeSpecial(Ljava/lang/Object;)Ljava/lang/Object;+15 java.base@21.0.10
J 891 c1 jdk.internal.reflect.DirectConstructorHandleAccessor.newInstance([Ljava/lang/Object;)Ljava/lang/Object; java.base@21.0.10 (130 bytes) @ 0x00000227eeb1096c [0x00000227eeb10760+0x000000000000020c]
J 890 c1 java.lang.reflect.Constructor.newInstanceWithCaller([Ljava/lang/Object;ZLjava/lang/Class;)Ljava/lang/Object; java.base@21.0.10 (51 bytes) @ 0x00000227eeb0b1bc [0x00000227eeb0b0e0+0x00000000000000dc]
J 24669 c1 org.springframework.beans.BeanUtils.instantiateClass(Ljava/lang/reflect/Constructor;[Ljava/lang/Object;)Ljava/lang/Object; (208 bytes) @ 0x00000227eee3f9e4 [0x00000227eee3f460+0x0000000000000584]
j  org.springframework.beans.factory.support.SimpleInstantiationStrategy.instantiate(Lorg/springframework/beans/factory/support/RootBeanDefinition;Ljava/lang/String;Lorg/springframework/beans/factory/BeanFactory;)Ljava/lang/Object;+111
j  org.springframework.beans.factory.support.AbstractAutowireCapableBeanFactory.instantiateBean(Ljava/lang/String;Lorg/springframework/beans/factory/support/RootBeanDefinition;)Lorg/springframework/beans/BeanWrapper;+7
j  org.springframework.beans.factory.support.AbstractAutowireCapableBeanFactory.createBeanInstance(Ljava/lang/String;Lorg/springframework/beans/factory/support/RootBeanDefinition;[Ljava/lang/Object;)Lorg/springframework/beans/BeanWrapper;+241
j  org.springframework.beans.factory.support.AbstractAutowireCapableBeanFactory.doCreateBean(Ljava/lang/String;Lorg/springframework/beans/factory/support/RootBeanDefinition;[Ljava/lang/Object;)Ljava/lang/Object;+34
j  org.springframework.beans.factory.support.AbstractAutowireCapableBeanFactory.createBean(Ljava/lang/String;Lorg/springframework/beans/factory/support/RootBeanDefinition;[Ljava/lang/Object;)Ljava/lang/Object;+153
j  org.springframework.beans.factory.support.AbstractBeanFactory.lambda$doGetBean$0(Ljava/lang/String;Lorg/springframework/beans/factory/support/RootBeanDefinition;[Ljava/lang/Object;)Ljava/lang/Object;+4
j  org.springframework.beans.factory.support.AbstractBeanFactory$$Lambda+0x00000227813099b8.getObject()Ljava/lang/Object;+16
j  org.springframework.beans.factory.support.DefaultSingletonBeanRegistry.getSingleton(Ljava/lang/String;Lorg/springframework/beans/factory/ObjectFactory;)Ljava/lang/Object;+897
J 24537 c1 org.springframework.beans.factory.support.AbstractBeanFactory.doGetBean(Ljava/lang/String;Ljava/lang/Class;[Ljava/lang/Object;Z)Ljava/lang/Object; (791 bytes) @ 0x00000227efa2056c [0x00000227efa1fee0+0x000000000000068c]
J 24541 c1 org.springframework.beans.factory.support.AbstractBeanFactory.getBean(Ljava/lang/String;Ljava/lang/Class;)Ljava/lang/Object; (9 bytes) @ 0x00000227ef44d9b4 [0x00000227ef44d940+0x0000000000000074]
j  org.springframework.beans.factory.support.DefaultListableBeanFactory.resolveBean(Ljava/lang/String;Lorg/springframework/core/ResolvableType;)Ljava/lang/Object;+6
j  org.springframework.beans.factory.support.DefaultListableBeanFactory.doResolveDependency(Lorg/springframework/beans/factory/config/DependencyDescriptor;Ljava/lang/String;Ljava/util/Set;Lorg/springframework/beans/TypeConverter;)Ljava/lang/Object;+350
j  org.springframework.beans.factory.support.DefaultListableBeanFactory.resolveDependency(Lorg/springframework/beans/factory/config/DependencyDescriptor;Ljava/lang/String;Ljava/util/Set;Lorg/springframework/beans/TypeConverter;)Ljava/lang/Object;+115
j  org.springframework.beans.factory.annotation.AutowiredAnnotationBeanPostProcessor$AutowiredFieldElement.resolveFieldValue(Ljava/lang/reflect/Field;Ljava/lang/Object;Ljava/lang/String;)Ljava/lang/Object;+81
j  org.springframework.beans.factory.annotation.AutowiredAnnotationBeanPostProcessor$AutowiredFieldElement.inject(Ljava/lang/Object;Ljava/lang/String;Lorg/springframework/beans/PropertyValues;)V+74
J 25805 c1 org.springframework.beans.factory.annotation.InjectionMetadata.inject(Ljava/lang/Object;Ljava/lang/String;Lorg/springframework/beans/PropertyValues;)V (75 bytes) @ 0x00000227ef0e4ac4 [0x00000227ef0e4980+0x0000000000000144]
j  org.springframework.beans.factory.annotation.AutowiredAnnotationBeanPostProcessor.postProcessProperties(Lorg/springframework/beans/PropertyValues;Ljava/lang/Object;Ljava/lang/String;)Lorg/springframework/beans/PropertyValues;+17
J 25739 c1 org.springframework.beans.factory.support.AbstractAutowireCapableBeanFactory.populateBean(Ljava/lang/String;Lorg/springframework/beans/factory/support/RootBeanDefinition;Lorg/springframework/beans/BeanWrapper;)V (355 bytes) @ 0x00000227ef4efaec [0x00000227ef4eef80+0x0000000000000b6c]
j  org.springframework.beans.factory.support.AbstractAutowireCapableBeanFactory.doCreateBean(Ljava/lang/String;Lorg/springframework/beans/factory/support/RootBeanDefinition;[Ljava/lang/Object;)Ljava/lang/Object;+220
j  org.springframework.beans.factory.support.AbstractAutowireCapableBeanFactory.createBean(Ljava/lang/String;Lorg/springframework/beans/factory/support/RootBeanDefinition;[Ljava/lang/Object;)Ljava/lang/Object;+153
j  org.springframework.beans.factory.support.AbstractBeanFactory.lambda$doGetBean$0(Ljava/lang/String;Lorg/springframework/beans/factory/support/RootBeanDefinition;[Ljava/lang/Object;)Ljava/lang/Object;+4
j  org.springframework.beans.factory.support.AbstractBeanFactory$$Lambda+0x00000227813099b8.getObject()Ljava/lang/Object;+16
j  org.springframework.beans.factory.support.DefaultSingletonBeanRegistry.getSingleton(Ljava/lang/String;Lorg/springframework/beans/factory/ObjectFactory;)Ljava/lang/Object;+897
J 24537 c1 org.springframework.beans.factory.support.AbstractBeanFactory.doGetBean(Ljava/lang/String;Ljava/lang/Class;[Ljava/lang/Object;Z)Ljava/lang/Object; (791 bytes) @ 0x00000227efa2056c [0x00000227efa1fee0+0x000000000000068c]
j  org.springframework.beans.factory.support.AbstractBeanFactory.getBean(Ljava/lang/String;)Ljava/lang/Object;+5
j  org.springframework.beans.factory.support.DefaultListableBeanFactory.instantiateSingleton(Ljava/lang/String;)V+51
j  org.springframework.beans.factory.support.DefaultListableBeanFactory.preInstantiateSingleton(Ljava/lang/String;Lorg/springframework/beans/factory/support/RootBeanDefinition;)Ljava/util/concurrent/CompletableFuture;+159
j  org.springframework.beans.factory.support.DefaultListableBeanFactory.preInstantiateSingletons()V+130
j  org.springframework.context.support.AbstractApplicationContext.finishBeanFactoryInitialization(Lorg/springframework/beans/factory/config/ConfigurableListableBeanFactory;)V+290
j  org.springframework.context.support.AbstractApplicationContext.refresh()V+94
j  org.springframework.boot.web.server.servlet.context.ServletWebServerApplicationContext.refresh()V+1
j  org.springframework.boot.SpringApplication.refresh(Lorg/springframework/context/ConfigurableApplicationContext;)V+1
j  org.springframework.boot.SpringApplication.refreshContext(Lorg/springframework/context/ConfigurableApplicationContext;)V+19
j  org.springframework.boot.SpringApplication.run([Ljava/lang/String;)Lorg/springframework/context/ConfigurableApplicationContext;+113
j  org.springframework.boot.SpringApplication.run([Ljava/lang/Class;[Ljava/lang/String;)Lorg/springframework/context/ConfigurableApplicationContext;+9
j  org.springframework.boot.SpringApplication.run(Ljava/lang/Class;[Ljava/lang/String;)Lorg/springframework/context/ConfigurableApplicationContext;+9
j  com.example.demo.CounselingReservationSystemApplication.main([Ljava/lang/String;)V+3
j  java.lang.invoke.LambdaForm$DMH+0x0000022781004c00.invokeStatic(Ljava/lang/Object;Ljava/lang/Object;)V+10 java.base@21.0.10
j  java.lang.invoke.LambdaForm$MH+0x0000022781150400.invoke(Ljava/lang/Object;Ljava/lang/Object;Ljava/lang/Object;)Ljava/lang/Object;+33 java.base@21.0.10
J 4512 c1 jdk.internal.reflect.DirectMethodHandleAccessor.invoke(Ljava/lang/Object;[Ljava/lang/Object;)Ljava/lang/Object; java.base@21.0.10 (92 bytes) @ 0x00000227ef1bfe7c [0x00000227ef1bfac0+0x00000000000003bc]
J 4564 c1 java.lang.reflect.Method.invoke(Ljava/lang/Object;[Ljava/lang/Object;)Ljava/lang/Object; java.base@21.0.10 (108 bytes) @ 0x00000227ef1d4774 [0x00000227ef1d4580+0x00000000000001f4]
j  org.springframework.boot.devtools.restart.RestartLauncher.run()V+47
v  ~StubRoutines::call_stub 0x00000227ee78100d

siginfo: EXCEPTION_ACCESS_VIOLATION (0xc0000005), reading address 0x00000228007293e7


Registers:
RAX=0x0000000000000000, RBX=0x00000227fe855cf8, RCX=0x000000a4beafcfe0, RDX=0x000000a4beafcfe0
RSP=0x000000a4be0fde48, RBP=0x000000a4be0fe000, RSI=0x00000000000009d9, RDI=0x000000a4beafcfe0
R8 =0x00000228007293df, R9 =0x000000a4beafcfe0, R10=0x00000227ee780000, R11=0x000000a4be0fe078
R12=0x000000a4beafcfe0, R13=0x00000228007293df, R14=0x00000227fe2abac0, R15=0x00000227c7610ab0
RIP=0x00007ffb1d10ca66, EFLAGS=0x0000000000010202

XMM[0]=0x3b3b3b3b3b3b3b3b 0x3b3b3b3b3b3b3b3b
XMM[1]=0x00000000000000ff 0x0000000000000000
XMM[2]=0x0000000000000000 0x0000000000000000
XMM[3]=0x0000000000000000 0x40c9b9fd3e4e1968
XMM[4]=0x0000000000000000 0x0000000000000000
XMM[5]=0x00000000e15c3d7e 0x0000000000000000
XMM[6]=0x0000000000000000 0x0000000000000000
XMM[7]=0x0000000000000000 0x0000000000000000
XMM[8]=0x0000000000000000 0x0000000000000000
XMM[9]=0x0000000000000000 0x0000000000000000
XMM[10]=0x0000000000000000 0x0000000000000000
XMM[11]=0x0000000000000000 0x0000000000000000
XMM[12]=0x0000000000000000 0x0000000000000000
XMM[13]=0x0000000000000000 0x0000000000000000
XMM[14]=0x0000000000000000 0x0000000000000000
XMM[15]=0x0000000000000000 0x0000000000000000
  MXCSR=0x00001fa0


Register to memory mapping:

RAX=0x0 is null
RBX=0x00000227fe855cf8 points into unknown readable memory: 0x00007ffb1db3afe0 | e0 af b3 1d fb 7f 00 00
RCX=0x000000a4beafcfe0 is pointing into the stack for thread: 0x00000227c2bf12f0
RDX=0x000000a4beafcfe0 is pointing into the stack for thread: 0x00000227c2bf12f0
RSP=0x000000a4be0fde48 points into unknown readable memory: 0x00007ffb1d460e2b | 2b 0e 46 1d fb 7f 00 00
RBP=0x000000a4be0fe000 points into unknown readable memory: 0x0000000000000000 | 00 00 00 00 00 00 00 00
RSI=0x00000000000009d9 is an unknown value
RDI=0x000000a4beafcfe0 is pointing into the stack for thread: 0x00000227c2bf12f0
R8 =0x00000228007293df is an unknown value
R9 =0x000000a4beafcfe0 is pointing into the stack for thread: 0x00000227c2bf12f0
R10=0x00000227ee780000 points into unknown readable memory: 0x0000000000000006 | 06 00 00 00 00 00 00 00
R11=0x000000a4be0fe078 points into unknown readable memory: 0x00007ffb1d41d355 | 55 d3 41 1d fb 7f 00 00
R12=0x000000a4beafcfe0 is pointing into the stack for thread: 0x00000227c2bf12f0
R13=0x00000228007293df is an unknown value
R14=0x00000227fe2abac0 points into unknown readable memory: 0x0000000000000002 | 02 00 00 00 00 00 00 00
R15=0x00000227c7610ab0 points into unknown readable memory: 0x00007ffb1db392f8 | f8 92 b3 1d fb 7f 00 00

Top of Stack: (sp=0x000000a4be0fde48)
0x000000a4be0fde48:   00007ffb1d460e2b 0000000000000000
0x000000a4be0fde58:   0000000000000000 0000000000000000
0x000000a4be0fde68:   00007ffb1d8a1001 0000000000000000
0x000000a4be0fde78:   0000000000000000 0000000000000000
0x000000a4be0fde88:   0000000000000000 00000227fe2abac0
0x000000a4be0fde98:   00000227f98c8f30 0000022780542ba0
0x000000a4be0fdea8:   000000a4beafcfe0 000000a4be0fe1b0
0x000000a4be0fdeb8:   000000a4be0fe000 00000227fe855cf8
0x000000a4be0fdec8:   00007ffb1d46f554 000000a4be0fdf90
0x000000a4be0fded8:   000000a4be0fe1b0 0000022780480090
0x000000a4be0fdee8:   0000000000000000 0000000000000001
0x000000a4be0fdef8:   00007ffb1d41d8ab 00000227fe855cf8
0x000000a4be0fdf08:   00000227fe855cf8 00000227800b3fa0
0x000000a4be0fdf18:   0000000000000000 0000000f00000001
0x000000a4be0fdf28:   00000227800b3fa0 00000227fe42f680
0x000000a4be0fdf38:   0000022700000003 00000000000003d8
0x000000a4be0fdf48:   00000227f98c8f40 00000227f98c9318
0x000000a4be0fdf58:   00000227807293df 00000000000000b8
0x000000a4be0fdf68:   00000227800b3fa0 0000000000000000
0x000000a4be0fdf78:   0000000000000000 0000000000000000
0x000000a4be0fdf88:   0000000000000000 0000022780542ba0
0x000000a4be0fdf98:   0000001300000001 0000000000000032
0x000000a4be0fdfa8:   000000010000000c 0000022780480090
0x000000a4be0fdfb8:   0000000000000000 0000000000000000
0x000000a4be0fdfc8:   0000000000000000 0000000000000000
0x000000a4be0fdfd8:   0000000000000000 0000000000000000
0x000000a4be0fdfe8:   0000000000000000 0000000000000000
0x000000a4be0fdff8:   0000000000000000 0000000000000000
0x000000a4be0fe008:   0000000000000000 0000000000000000
0x000000a4be0fe018:   0000000000000000 0000000000000000
0x000000a4be0fe028:   0000000000000000 000099d152b16bd5
0x000000a4be0fe038:   0000000000000000 00000227fe855da0 

Instructions: (pc=0x00007ffb1d10ca66)
0x00007ffb1d10c966:   48 8b 05 c3 f4 cd 00 48 8b 48 60 48 8b 04 d1 48
0x00007ffb1d10c976:   85 c0 75 08 48 8b 05 b7 f4 cd 00 c3 48 8b 05 a7
0x00007ffb1d10c986:   f4 cd 00 c3 cc cc cc cc cc cc 8b 05 a2 c6 c2 00
0x00007ffb1d10c996:   c3 cc cc cc cc cc cc cc cc cc 0f b6 05 b8 db c2
0x00007ffb1d10c9a6:   00 48 8b d1 84 c0 74 16 44 8b 41 08 8b 0d 80 c6
0x00007ffb1d10c9b6:   c2 00 49 d3 e0 4c 03 05 6e c6 c2 00 eb 04 4c 8b
0x00007ffb1d10c9c6:   41 08 45 8b 48 08 45 85 c9 7e 0e 41 f6 c1 01 75
0x00007ffb1d10c9d6:   53 41 c1 f9 03 49 63 c1 c3 79 49 84 c0 41 b8 0c
0x00007ffb1d10c9e6:   00 00 00 8b 05 b9 d7 c2 00 b9 10 00 00 00 41 0f
0x00007ffb1d10c9f6:   45 c8 ff c8 4c 63 c0 41 8b c1 48 c1 f8 10 0f b6
0x00007ffb1d10ca06:   c0 48 63 14 11 41 8b c9 83 e1 3f 48 d3 e2 49 8d
0x00007ffb1d10ca16:   0c 10 49 f7 d0 48 03 c1 49 c1 e8 03 48 c1 e8 03
0x00007ffb1d10ca26:   49 23 c0 c3 49 8b 00 49 8b c8 48 ff a0 00 01 00
0x00007ffb1d10ca36:   00 cc cc cc cc cc cc cc cc cc 8b 44 24 30 45 03
0x00007ffb1d10ca46:   c9 44 2b 4c 24 28 83 c0 0b 44 03 ca 45 03 c8 41
0x00007ffb1d10ca56:   03 c1 c3 cc cc cc cc cc cc cc 4c 8b c2 48 8b d1
0x00007ffb1d10ca66:   45 8b 48 08 45 85 c9 7e 0e 41 f6 c1 01 75 56 41
0x00007ffb1d10ca76:   c1 f9 03 49 63 c1 c3 79 4c 80 3d d9 da c2 00 00
0x00007ffb1d10ca86:   b8 0c 00 00 00 b9 10 00 00 00 0f 45 c8 8b 05 0f
0x00007ffb1d10ca96:   d7 c2 00 ff c8 4c 63 c0 41 8b c1 48 c1 f8 10 48
0x00007ffb1d10caa6:   63 14 11 41 8b c9 83 e1 3f 0f b6 c0 48 d3 e2 49
0x00007ffb1d10cab6:   8d 0c 10 49 f7 d0 48 03 c1 49 c1 e8 03 48 c1 e8
0x00007ffb1d10cac6:   03 49 23 c0 c3 49 8b 00 49 8b c8 48 ff a0 00 01
0x00007ffb1d10cad6:   00 00 cc cc cc cc cc cc cc cc 48 8b 41 08 0f b7
0x00007ffb1d10cae6:   48 2c 0f b7 40 2a 83 c0 48 03 c1 c3 cc cc cc cc
0x00007ffb1d10caf6:   cc cc cc cc cc cc cc cc cc cc 48 89 5c 24 08 57
0x00007ffb1d10cb06:   48 83 ec 20 0f b6 05 6f dc cd 00 48 8b fa 48 8b
0x00007ffb1d10cb16:   d9 84 c0 74 4f 48 85 15 26 d4 cd 00 74 38 48 8b
0x00007ffb1d10cb26:   ca e8 04 98 8d 00 48 8b d0 48 85 db 74 25 48 85
0x00007ffb1d10cb36:   c0 74 20 48 8b c7 f0 48 0f b1 13 74 16 48 85 05
0x00007ffb1d10cb46:   fe d3 cd 00 74 0d 48 8b c8 f0 48 0f b1 13 48 3b
0x00007ffb1d10cb56:   c1 75 ea 48 8b fa 48 8b c7 48 8b 5c 24 30 48 83 


Stack slot to memory mapping:

stack at sp + 0 slots: 0x00007ffb1d460e2b jvm.dll
stack at sp + 1 slots: 0x0 is null
stack at sp + 2 slots: 0x0 is null
stack at sp + 3 slots: 0x0 is null
stack at sp + 4 slots: 0x00007ffb1d8a1001 jvm.dll
stack at sp + 5 slots: 0x0 is null
stack at sp + 6 slots: 0x0 is null
stack at sp + 7 slots: 0x0 is null


---------------  P R O C E S S  ---------------

Threads class SMR info:
_java_thread_list=0x00000227c76986c0, length=33, elements={
0x00000227f96cbaf0, 0x00000227f96cc550, 0x00000227f96d3810, 0x00000227f96d4270,
0x00000227f96e38b0, 0x00000227f96e4e80, 0x00000227f96e9ce0, 0x00000227f9883930,
0x00000227f988a480, 0x00000227f988cc20, 0x00000227f9899b40, 0x00000227fe232af0,
0x00000227fe4e1920, 0x00000227fe4f20d0, 0x00000227fe4f9ee0, 0x00000227fe9e76b0,
0x00000227fea18060, 0x00000227fea2dc50, 0x00000227c2a67640, 0x00000227c2bef8b0,
0x00000227c2beff40, 0x00000227c2beeb90, 0x00000227c2bede70, 0x00000227c2bf05d0,
0x00000227c2bf0c60, 0x00000227c2bed7e0, 0x00000227c2bf3a50, 0x00000227c2bee500,
0x00000227c2bf12f0, 0x00000227c2bf4770, 0x00000227c2bf2d30, 0x00000227c2bf33c0,
0x00000227c2a66fb0
}

Java Threads: ( => current thread )
  0x00000227f96cbaf0 JavaThread "Reference Handler"          daemon [_thread_blocked, id=8284, stack(0x000000a4bca00000,0x000000a4bcb00000) (1024K)]
  0x00000227f96cc550 JavaThread "Finalizer"                  daemon [_thread_blocked, id=17152, stack(0x000000a4bcb00000,0x000000a4bcc00000) (1024K)]
  0x00000227f96d3810 JavaThread "Signal Dispatcher"          daemon [_thread_blocked, id=25216, stack(0x000000a4bcc00000,0x000000a4bcd00000) (1024K)]
  0x00000227f96d4270 JavaThread "Attach Listener"            daemon [_thread_blocked, id=25048, stack(0x000000a4bcd00000,0x000000a4bce00000) (1024K)]
  0x00000227f96e38b0 JavaThread "Service Thread"             daemon [_thread_blocked, id=22568, stack(0x000000a4bce00000,0x000000a4bcf00000) (1024K)]
  0x00000227f96e4e80 JavaThread "Monitor Deflation Thread"   daemon [_thread_blocked, id=24296, stack(0x000000a4bcf00000,0x000000a4bd000000) (1024K)]
  0x00000227f96e9ce0 JavaThread "C1 CompilerThread0"         daemon [_thread_blocked, id=24780, stack(0x000000a4bd000000,0x000000a4bd100000) (1024K)]
  0x00000227f9883930 JavaThread "JDWP Transport Listener: dt_socket" daemon [_thread_blocked, id=24724, stack(0x000000a4bd300000,0x000000a4bd400000) (1024K)]
  0x00000227f988a480 JavaThread "JDWP Event Helper Thread"   daemon [_thread_blocked, id=25452, stack(0x000000a4bd400000,0x000000a4bd500000) (1024K)]
  0x00000227f988cc20 JavaThread "JDWP Command Reader"        daemon [_thread_in_native, id=24208, stack(0x000000a4bd500000,0x000000a4bd600000) (1024K)]
  0x00000227f9899b40 JavaThread "Common-Cleaner"             daemon [_thread_blocked, id=25228, stack(0x000000a4bd600000,0x000000a4bd700000) (1024K)]
  0x00000227fe232af0 JavaThread "Notification Thread"        daemon [_thread_blocked, id=21660, stack(0x000000a4bd700000,0x000000a4bd800000) (1024K)]
  0x00000227fe4e1920 JavaThread "RMI TCP Accept-0"           daemon [_thread_in_native, id=7216, stack(0x000000a4be100000,0x000000a4be200000) (1024K)]
  0x00000227fe4f20d0 JavaThread "RMI TCP Accept-53110"       daemon [_thread_in_native, id=23516, stack(0x000000a4be200000,0x000000a4be300000) (1024K)]
  0x00000227fe4f9ee0 JavaThread "RMI TCP Accept-0"           daemon [_thread_in_native, id=23644, stack(0x000000a4be300000,0x000000a4be400000) (1024K)]
  0x00000227fe9e76b0 JavaThread "RMI Scheduler(0)"           daemon [_thread_blocked, id=21752, stack(0x000000a4be700000,0x000000a4be800000) (1024K)]
  0x00000227fea18060 JavaThread "RMI TCP Connection(idle)"   daemon [_thread_blocked, id=25080, stack(0x000000a4be800000,0x000000a4be900000) (1024K)]
  0x00000227fea2dc50 JavaThread "JMX server connection timeout 44" daemon [_thread_blocked, id=15708, stack(0x000000a4beb00000,0x000000a4bec00000) (1024K)]
  0x00000227c2a67640 JavaThread "http-nio-8080-exec-6"       daemon [_thread_blocked, id=23812, stack(0x000000a4bfa00000,0x000000a4bfb00000) (1024K)]
  0x00000227c2bef8b0 JavaThread "DestroyJavaVM"                     [_thread_blocked, id=2832, stack(0x000000a4bc200000,0x000000a4bc300000) (1024K)]
  0x00000227c2beff40 JavaThread "http-nio-8080-exec-1"       daemon [_thread_blocked, id=15980, stack(0x000000a4bec00000,0x000000a4bed00000) (1024K)]
  0x00000227c2beeb90 JavaThread "File Watcher"               daemon [_thread_blocked, id=25420, stack(0x000000a4bc000000,0x000000a4bc100000) (1024K)]
  0x00000227c2bede70 JavaThread "File Watcher"               daemon [_thread_blocked, id=23464, stack(0x000000a4bd200000,0x000000a4bd300000) (1024K)]
  0x00000227c2bf05d0 JavaThread "File Watcher"               daemon [_thread_blocked, id=8452, stack(0x000000a4bd800000,0x000000a4bd900000) (1024K)]
  0x00000227c2bf0c60 JavaThread "File Watcher"               daemon [_thread_blocked, id=21748, stack(0x000000a4bc100000,0x000000a4bc200000) (1024K)]
  0x00000227c2bed7e0 JavaThread "File Watcher"               daemon [_thread_blocked, id=16464, stack(0x000000a4be600000,0x000000a4be700000) (1024K)]
  0x00000227c2bf3a50 JavaThread "http-nio-8080-exec-4"       daemon [_thread_blocked, id=5984, stack(0x000000a4bfd00000,0x000000a4bfe00000) (1024K)]
  0x00000227c2bee500 JavaThread "Thread-124"                        [_thread_blocked, id=25448, stack(0x000000a4bf000000,0x000000a4bf100000) (1024K)]
  0x00000227c2bf12f0 JavaThread "restartedMain"                     [_thread_blocked, id=5636, stack(0x000000a4bea00000,0x000000a4beb00000) (1024K)]
  0x00000227c2bf4770 JavaThread "Catalina-utility-1"                [_thread_blocked, id=25388, stack(0x000000a4bf100000,0x000000a4bf200000) (1024K)]
  0x00000227c2bf2d30 JavaThread "Catalina-utility-2"                [_thread_blocked, id=6000, stack(0x000000a4bf200000,0x000000a4bf300000) (1024K)]
  0x00000227c2bf33c0 JavaThread "container-3"                       [_thread_blocked, id=15440, stack(0x000000a4bf300000,0x000000a4bf400000) (1024K)]
  0x00000227c2a66fb0 JavaThread "HikariPool-32:housekeeper"  daemon [_thread_blocked, id=14932, stack(0x000000a4bf400000,0x000000a4bf500000) (1024K)]
Total: 33

Other Threads:
  0x00000227f96b4950 VMThread "VM Thread"                           [id=24584, stack(0x000000a4bc900000,0x000000a4bca00000) (1024K)]
  0x00000227f96a1ec0 WatcherThread "VM Periodic Task Thread"        [id=23636, stack(0x000000a4bc800000,0x000000a4bc900000) (1024K)]
  0x00000227e60dfbe0 WorkerThread "GC Thread#0"                     [id=8536, stack(0x000000a4bc300000,0x000000a4bc400000) (1024K)]
  0x00000227fe41c400 WorkerThread "GC Thread#1"                     [id=25576, stack(0x000000a4bd900000,0x000000a4bda00000) (1024K)]
  0x00000227fe41cbc0 WorkerThread "GC Thread#2"                     [id=25496, stack(0x000000a4bda00000,0x000000a4bdb00000) (1024K)]
  0x00000227fe420050 WorkerThread "GC Thread#3"                     [id=24836, stack(0x000000a4bdb00000,0x000000a4bdc00000) (1024K)]
  0x00000227fe420810 WorkerThread "GC Thread#4"                     [id=25180, stack(0x000000a4bdc00000,0x000000a4bdd00000) (1024K)]
  0x00000227fe47aa00 WorkerThread "GC Thread#5"                     [id=20412, stack(0x000000a4bdd00000,0x000000a4bde00000) (1024K)]
  0x00000227fe42daf0 WorkerThread "GC Thread#6"                     [id=416, stack(0x000000a4bde00000,0x000000a4bdf00000) (1024K)]
  0x00000227fe42eec0 WorkerThread "GC Thread#7"                     [id=25292, stack(0x000000a4bdf00000,0x000000a4be000000) (1024K)]
=>0x00000227fe42f680 WorkerThread "GC Thread#8"                     [id=20512, stack(0x000000a4be000000,0x000000a4be100000) (1024K)]
  0x00000227fe97f050 WorkerThread "GC Thread#9"                     [id=25000, stack(0x000000a4be400000,0x000000a4be500000) (1024K)]
  0x00000227fe97e430 WorkerThread "GC Thread#10"                    [id=19408, stack(0x000000a4be500000,0x000000a4be600000) (1024K)]
  0x00000227e60f1ef0 ConcurrentGCThread "G1 Main Marker"            [id=15576, stack(0x000000a4bc400000,0x000000a4bc500000) (1024K)]
  0x00000227e60f4fd0 WorkerThread "G1 Conc#0"                       [id=19072, stack(0x000000a4bc500000,0x000000a4bc600000) (1024K)]
  0x00000227fed878f0 WorkerThread "G1 Conc#1"                       [id=19304, stack(0x000000a4bed00000,0x000000a4bee00000) (1024K)]
  0x00000227fed87ca0 WorkerThread "G1 Conc#2"                       [id=20900, stack(0x000000a4bee00000,0x000000a4bef00000) (1024K)]
  0x00000227f95732e0 ConcurrentGCThread "G1 Refine#0"               [id=16548, stack(0x000000a4bc600000,0x000000a4bc700000) (1024K)]
  0x00000227f9574b20 ConcurrentGCThread "G1 Service"                [id=9228, stack(0x000000a4bc700000,0x000000a4bc800000) (1024K)]
Total: 19

Threads with active compile tasks:
Total: 0

VM state: at safepoint (normal execution)

VM Mutex/Monitor currently owned by a thread:  ([mutex/lock_event])
[0x00007ffb1ddbe560] Threads_lock - owner thread: 0x00000227f96b4950
[0x00007ffb1ddbe660] Heap_lock - owner thread: 0x00000227c2bf0c60

Heap address: 0x000000070a800000, size: 3928 MB, Compressed Oops mode: Zero based, Oop shift amount: 3

CDS archive(s) mapped at: [0x0000022780000000-0x0000022780c80000-0x0000022780c80000), size 13107200, SharedBaseAddress: 0x0000022780000000, ArchiveRelocationMode: 1.
Compressed class space mapped at: 0x0000022781000000-0x00000227c1000000, reserved size: 1073741824
Narrow klass base: 0x0000022780000000, Narrow klass shift: 0, Narrow klass range: 0x100000000

GC Precious Log:
 CardTable entry size: 512
 Card Set container configuration: InlinePtr #cards 4 size 8 Array Of Cards #cards 16 size 48 Howl #buckets 8 coarsen threshold 3686 Howl Bitmap #cards 512 size 80 coarsen threshold 460 Card regions per heap region 1 cards per card region 4096
 CPUs: 14 total, 14 available
 Memory: 15707M
 Large Page Support: Disabled
 NUMA Support: Disabled
 Compressed Oops: Enabled (Zero based)
 Heap Region Size: 2M
 Heap Min Capacity: 8M
 Heap Initial Capacity: 246M
 Heap Max Capacity: 3928M
 Pre-touch: Disabled
 Parallel Workers: 11
 Concurrent Workers: 3
 Concurrent Refinement Workers: 11
 Periodic GC: Disabled

Heap:
 garbage-first heap   total 151552K, used 128462K [0x000000070a800000, 0x0000000800000000)
  region size 2048K, 45 young (92160K), 4 survivors (8192K)
 Metaspace       used 92384K, committed 93504K, reserved 1179648K
  class space    used 12940K, committed 13440K, reserved 1048576K

Heap Regions: E=young(eden), S=young(survivor), O=old, HS=humongous(starts), HC=humongous(continues), CS=collection set, F=free, TAMS=top-at-mark-start, PB=parsable bottom
|   0|0x000000070a800000, 0x000000070a9fffe0, 0x000000070aa00000| 99%| O|  |TAMS 0x000000070a800000| PB 0x000000070a800000| Untracked 
|   1|0x000000070aa00000, 0x000000070abfffe8, 0x000000070ac00000| 99%| O|  |TAMS 0x000000070aa00000| PB 0x000000070aa00000| Untracked 
|   2|0x000000070ac00000, 0x000000070adffff8, 0x000000070ae00000| 99%| O|  |TAMS 0x000000070ac00000| PB 0x000000070ac00000| Untracked 
|   3|0x000000070ae00000, 0x000000070b000000, 0x000000070b000000|100%| O|  |TAMS 0x000000070ae00000| PB 0x000000070ae00000| Untracked 
|   4|0x000000070b000000, 0x000000070b1ffff0, 0x000000070b200000| 99%| O|  |TAMS 0x000000070b000000| PB 0x000000070b000000| Untracked 
|   5|0x000000070b200000, 0x000000070b3ffff8, 0x000000070b400000| 99%| O|  |TAMS 0x000000070b200000| PB 0x000000070b200000| Untracked 
|   6|0x000000070b400000, 0x000000070b5fffb8, 0x000000070b600000| 99%| O|  |TAMS 0x000000070b400000| PB 0x000000070b400000| Untracked 
|   7|0x000000070b600000, 0x000000070b7ffa48, 0x000000070b800000| 99%| O|  |TAMS 0x000000070b600000| PB 0x000000070b600000| Untracked 
|   8|0x000000070b800000, 0x000000070b9fffe8, 0x000000070ba00000| 99%| O|  |TAMS 0x000000070b800000| PB 0x000000070b800000| Untracked 
|   9|0x000000070ba00000, 0x000000070bbffff8, 0x000000070bc00000| 99%| O|  |TAMS 0x000000070ba00000| PB 0x000000070ba00000| Untracked 
|  10|0x000000070bc00000, 0x000000070bdfd2f0, 0x000000070be00000| 99%| O|  |TAMS 0x000000070bc00000| PB 0x000000070bc00000| Untracked 
|  11|0x000000070be00000, 0x000000070bffffe8, 0x000000070c000000| 99%| O|  |TAMS 0x000000070be00000| PB 0x000000070be00000| Untracked 
|  12|0x000000070c000000, 0x000000070c1fffc0, 0x000000070c200000| 99%| O|  |TAMS 0x000000070c000000| PB 0x000000070c000000| Untracked 
|  13|0x000000070c200000, 0x000000070c3fffe0, 0x000000070c400000| 99%| O|  |TAMS 0x000000070c200000| PB 0x000000070c200000| Untracked 
|  14|0x000000070c400000, 0x000000070c5fffb8, 0x000000070c600000| 99%| O|  |TAMS 0x000000070c400000| PB 0x000000070c400000| Untracked 
|  15|0x000000070c600000, 0x000000070c7de0b8, 0x000000070c800000| 93%| O|  |TAMS 0x000000070c600000| PB 0x000000070c600000| Untracked 
|  16|0x000000070c800000, 0x000000070c9b3778, 0x000000070ca00000| 85%| O|  |TAMS 0x000000070c800000| PB 0x000000070c800000| Untracked 
|  17|0x000000070ca00000, 0x000000070cbfff78, 0x000000070cc00000| 99%| O|  |TAMS 0x000000070ca00000| PB 0x000000070ca00000| Untracked 
|  18|0x000000070cc00000, 0x000000070cd2ebd0, 0x000000070ce00000| 59%| O|  |TAMS 0x000000070cc00000| PB 0x000000070cc00000| Untracked 
|  19|0x000000070ce00000, 0x000000070ce851b8, 0x000000070d000000| 25%| O|  |TAMS 0x000000070ce00000| PB 0x000000070ce00000| Untracked 
|  20|0x000000070d000000, 0x000000070d044098, 0x000000070d200000| 13%| O|Cm|TAMS 0x000000070d000000| PB 0x000000070d000000| Complete 
|  21|0x000000070d200000, 0x000000070d200000, 0x000000070d400000|  0%| F|  |TAMS 0x000000070d200000| PB 0x000000070d200000| Untracked 
|  22|0x000000070d400000, 0x000000070d400000, 0x000000070d600000|  0%| F|  |TAMS 0x000000070d400000| PB 0x000000070d400000| Untracked 
|  23|0x000000070d600000, 0x000000070d69a8a0, 0x000000070d800000| 30%| O|  |TAMS 0x000000070d600000| PB 0x000000070d600000| Untracked 
|  24|0x000000070d800000, 0x000000070d800000, 0x000000070da00000|  0%| F|  |TAMS 0x000000070d800000| PB 0x000000070d800000| Untracked 
|  25|0x000000070da00000, 0x000000070da00000, 0x000000070dc00000|  0%| F|  |TAMS 0x000000070da00000| PB 0x000000070da00000| Untracked 
|  26|0x000000070dc00000, 0x000000070dd67e30, 0x000000070de00000| 70%| S|  |TAMS 0x000000070dc00000| PB 0x000000070dc00000| Complete 
|  27|0x000000070de00000, 0x000000070e000000, 0x000000070e000000|100%| S|  |TAMS 0x000000070de00000| PB 0x000000070de00000| Complete 
|  28|0x000000070e000000, 0x000000070e200000, 0x000000070e200000|100%| S|  |TAMS 0x000000070e000000| PB 0x000000070e000000| Complete 
|  29|0x000000070e200000, 0x000000070e400000, 0x000000070e400000|100%| S|  |TAMS 0x000000070e200000| PB 0x000000070e200000| Complete 
|  30|0x000000070e400000, 0x000000070e600000, 0x000000070e600000|100%| E|CS|TAMS 0x000000070e400000| PB 0x000000070e400000| Complete 
|  31|0x000000070e600000, 0x000000070e800000, 0x000000070e800000|100%| E|CS|TAMS 0x000000070e600000| PB 0x000000070e600000| Complete 
|  32|0x000000070e800000, 0x000000070ea00000, 0x000000070ea00000|100%| E|CS|TAMS 0x000000070e800000| PB 0x000000070e800000| Complete 
|  33|0x000000070ea00000, 0x000000070ec00000, 0x000000070ec00000|100%| E|CS|TAMS 0x000000070ea00000| PB 0x000000070ea00000| Complete 
|  34|0x000000070ec00000, 0x000000070ee00000, 0x000000070ee00000|100%| E|CS|TAMS 0x000000070ec00000| PB 0x000000070ec00000| Complete 
|  35|0x000000070ee00000, 0x000000070f000000, 0x000000070f000000|100%| E|CS|TAMS 0x000000070ee00000| PB 0x000000070ee00000| Complete 
|  36|0x000000070f000000, 0x000000070f200000, 0x000000070f200000|100%| E|CS|TAMS 0x000000070f000000| PB 0x000000070f000000| Complete 
|  37|0x000000070f200000, 0x000000070f400000, 0x000000070f400000|100%| E|CS|TAMS 0x000000070f200000| PB 0x000000070f200000| Complete 
|  38|0x000000070f400000, 0x000000070f600000, 0x000000070f600000|100%| E|CS|TAMS 0x000000070f400000| PB 0x000000070f400000| Complete 
|  39|0x000000070f600000, 0x000000070f800000, 0x000000070f800000|100%| E|CS|TAMS 0x000000070f600000| PB 0x000000070f600000| Complete 
|  40|0x000000070f800000, 0x000000070fa00000, 0x000000070fa00000|100%| E|CS|TAMS 0x000000070f800000| PB 0x000000070f800000| Complete 
|  41|0x000000070fa00000, 0x000000070fc00000, 0x000000070fc00000|100%| E|CS|TAMS 0x000000070fa00000| PB 0x000000070fa00000| Complete 
|  42|0x000000070fc00000, 0x000000070fe00000, 0x000000070fe00000|100%| E|CS|TAMS 0x000000070fc00000| PB 0x000000070fc00000| Complete 
|  43|0x000000070fe00000, 0x0000000710000000, 0x0000000710000000|100%| E|CS|TAMS 0x000000070fe00000| PB 0x000000070fe00000| Complete 
|  44|0x0000000710000000, 0x0000000710200000, 0x0000000710200000|100%| E|CS|TAMS 0x0000000710000000| PB 0x0000000710000000| Complete 
|  45|0x0000000710200000, 0x0000000710400000, 0x0000000710400000|100%| E|CS|TAMS 0x0000000710200000| PB 0x0000000710200000| Complete 
|  46|0x0000000710400000, 0x00000007105531b0, 0x0000000710600000| 66%| E|CS|TAMS 0x0000000710400000| PB 0x0000000710400000| Complete 
|  47|0x0000000710600000, 0x0000000710800000, 0x0000000710800000|100%| E|CS|TAMS 0x0000000710600000| PB 0x0000000710600000| Complete 
|  48|0x0000000710800000, 0x0000000710a00000, 0x0000000710a00000|100%| E|CS|TAMS 0x0000000710800000| PB 0x0000000710800000| Complete 
|  49|0x0000000710a00000, 0x0000000710c00000, 0x0000000710c00000|100%| E|CS|TAMS 0x0000000710a00000| PB 0x0000000710a00000| Complete 
|  50|0x0000000710c00000, 0x0000000710e00000, 0x0000000710e00000|100%| E|CS|TAMS 0x0000000710c00000| PB 0x0000000710c00000| Complete 
|  51|0x0000000710e00000, 0x0000000711000000, 0x0000000711000000|100%| E|CS|TAMS 0x0000000710e00000| PB 0x0000000710e00000| Complete 
|  52|0x0000000711000000, 0x0000000711200000, 0x0000000711200000|100%| E|CS|TAMS 0x0000000711000000| PB 0x0000000711000000| Complete 
|  53|0x0000000711200000, 0x0000000711400000, 0x0000000711400000|100%| E|CS|TAMS 0x0000000711200000| PB 0x0000000711200000| Complete 
|  54|0x0000000711400000, 0x0000000711600000, 0x0000000711600000|100%| E|CS|TAMS 0x0000000711400000| PB 0x0000000711400000| Complete 
|  55|0x0000000711600000, 0x0000000711800000, 0x0000000711800000|100%| E|CS|TAMS 0x0000000711600000| PB 0x0000000711600000| Complete 
|  56|0x0000000711800000, 0x0000000711a00000, 0x0000000711a00000|100%| E|CS|TAMS 0x0000000711800000| PB 0x0000000711800000| Complete 
|  57|0x0000000711a00000, 0x0000000711c00000, 0x0000000711c00000|100%| E|CS|TAMS 0x0000000711a00000| PB 0x0000000711a00000| Complete 
|  58|0x0000000711c00000, 0x0000000711e00000, 0x0000000711e00000|100%| E|CS|TAMS 0x0000000711c00000| PB 0x0000000711c00000| Complete 
|  59|0x0000000711e00000, 0x0000000712000000, 0x0000000712000000|100%| E|CS|TAMS 0x0000000711e00000| PB 0x0000000711e00000| Complete 
|  60|0x0000000712000000, 0x0000000712200000, 0x0000000712200000|100%| E|CS|TAMS 0x0000000712000000| PB 0x0000000712000000| Complete 
|  61|0x0000000712200000, 0x0000000712400000, 0x0000000712400000|100%| E|CS|TAMS 0x0000000712200000| PB 0x0000000712200000| Complete 
|  62|0x0000000712400000, 0x0000000712600000, 0x0000000712600000|100%| E|CS|TAMS 0x0000000712400000| PB 0x0000000712400000| Complete 
|  63|0x0000000712600000, 0x0000000712800000, 0x0000000712800000|100%| E|CS|TAMS 0x0000000712600000| PB 0x0000000712600000| Complete 
|  64|0x0000000712800000, 0x0000000712a00000, 0x0000000712a00000|100%| E|CS|TAMS 0x0000000712800000| PB 0x0000000712800000| Complete 
|  65|0x0000000712a00000, 0x0000000712c00000, 0x0000000712c00000|100%| E|CS|TAMS 0x0000000712a00000| PB 0x0000000712a00000| Complete 
|  66|0x0000000712c00000, 0x0000000712e00000, 0x0000000712e00000|100%| E|CS|TAMS 0x0000000712c00000| PB 0x0000000712c00000| Complete 
|  67|0x0000000712e00000, 0x0000000713000000, 0x0000000713000000|100%| E|CS|TAMS 0x0000000712e00000| PB 0x0000000712e00000| Complete 
|  68|0x0000000713000000, 0x0000000713200000, 0x0000000713200000|100%| E|CS|TAMS 0x0000000713000000| PB 0x0000000713000000| Complete 
|  69|0x0000000713200000, 0x0000000713400000, 0x0000000713400000|100%| E|CS|TAMS 0x0000000713200000| PB 0x0000000713200000| Complete 
|  70|0x0000000713400000, 0x0000000713600000, 0x0000000713600000|100%| E|CS|TAMS 0x0000000713400000| PB 0x0000000713400000| Complete 
|  71|0x0000000713600000, 0x0000000713800000, 0x0000000713800000|100%| E|CS|TAMS 0x0000000713600000| PB 0x0000000713600000| Complete 
|  72|0x0000000713800000, 0x0000000713a00000, 0x0000000713a00000|100%| E|CS|TAMS 0x0000000713800000| PB 0x0000000713800000| Complete 
|  73|0x0000000713a00000, 0x0000000713c00000, 0x0000000713c00000|100%| E|CS|TAMS 0x0000000713a00000| PB 0x0000000713a00000| Complete 

Card table byte_map: [0x00000227f2370000,0x00000227f2b20000] _byte_map_base: 0x00000227eeb1c000

Marking Bits: (CMBitMap*) 0x00000227e60e0200
 Bits: [0x00000227f2b20000, 0x00000227f6880000)

Polling page: 0x00000227e41e0000

Metaspace:

Usage:
  Non-class:     77.58 MB used.
      Class:     12.64 MB used.
       Both:     90.22 MB used.

Virtual space:
  Non-class space:      128.00 MB reserved,      78.19 MB ( 61%) committed,  2 nodes.
      Class space:        1.00 GB reserved,      13.12 MB (  1%) committed,  1 nodes.
             Both:        1.12 GB reserved,      91.31 MB (  8%) committed. 

Chunk freelists:
   Non-Class:  1.14 MB
       Class:  2.89 MB
        Both:  4.03 MB

MaxMetaspaceSize: unlimited
CompressedClassSpaceSize: 1.00 GB
Initial GC threshold: 21.00 MB
Current GC threshold: 152.19 MB
CDS: on
 - commit_granule_bytes: 65536.
 - commit_granule_words: 8192.
 - virtual_space_node_default_size: 8388608.
 - enlarge_chunks_in_place: 1.
 - use_allocation_guard: 0.


Internal statistics:

num_allocs_failed_limit: 6.
num_arena_births: 3266.
num_arena_deaths: 1990.
num_vsnodes_births: 3.
num_vsnodes_deaths: 0.
num_space_committed: 1494.
num_space_uncommitted: 25.
num_chunks_returned_to_freelist: 2876.
num_chunks_taken_from_freelist: 8040.
num_chunk_merges: 571.
num_chunk_splits: 4473.
num_chunks_enlarged: 3264.
num_inconsistent_stats: 0.

CodeCache: size=49152Kb used=12950Kb max_used=22942Kb free=36202Kb
 bounds [0x00000227ee780000, 0x00000227efe80000, 0x00000227f1780000]
 total_blobs=7220, nmethods=6442, adapters=700, full_count=0
Compilation: enabled, stopped_count=0, restarted_count=0

Compilation events (20 events):
Event: 13083.009 Thread 0x00000227f96e9ce0 nmethod 27386 0x00000227ee927110 code [0x00000227ee9272c0, 0x00000227ee9273c0]
Event: 13096.912 Thread 0x00000227f96e9ce0 27387       1       org.springframework.boot.devtools.autoconfigure.FileWatchingFailureHandler$Listener::onChange (8 bytes)
Event: 13096.913 Thread 0x00000227f96e9ce0 nmethod 27387 0x00000227ee926c90 code [0x00000227ee926e40, 0x00000227ee926fc8]
Event: 13131.950 Thread 0x00000227f96e9ce0 27388   !   1       org.springframework.boot.devtools.filewatch.FileSystemWatcher$Watcher::run (55 bytes)
Event: 13131.951 Thread 0x00000227f96e9ce0 nmethod 27388 0x00000227ee926710 code [0x00000227ee9268c0, 0x00000227ee926a80]
Event: 13161.852 Thread 0x00000227f96e9ce0 27389       1       org.eclipse.jdt.launching.internal.org.objectweb.asm.ClassVisitor::visitAnnotation (19 bytes)
Event: 13161.853 Thread 0x00000227f96e9ce0 nmethod 27389 0x00000227ee926390 code [0x00000227ee926540, 0x00000227ee926690]
Event: 13161.853 Thread 0x00000227f96e9ce0 27390       1       org.eclipse.jdt.launching.internal.org.objectweb.asm.ClassWriter::visitAnnotation (40 bytes)
Event: 13161.855 Thread 0x00000227f96e9ce0 nmethod 27390 0x00000227ee925510 code [0x00000227ee925740, 0x00000227ee925eb0]
Event: 13161.855 Thread 0x00000227f96e9ce0 27391       1       org.eclipse.jdt.launching.internal.org.objectweb.asm.Handle::hashCode (43 bytes)
Event: 13161.856 Thread 0x00000227f96e9ce0 nmethod 27391 0x00000227ee957a10 code [0x00000227ee957bc0, 0x00000227ee957d48]
Event: 13161.856 Thread 0x00000227f96e9ce0 27393       1       org.eclipse.jdt.launching.internal.org.objectweb.asm.SymbolTable::getConstantMethodHandleSymbolData (16 bytes)
Event: 13161.856 Thread 0x00000227f96e9ce0 nmethod 27393 0x00000227ee957710 code [0x00000227ee9578a0, 0x00000227ee957988]
Event: 13161.856 Thread 0x00000227f96e9ce0 27394       1       org.eclipse.jdt.launching.internal.org.objectweb.asm.SymbolTable::hash (23 bytes)
Event: 13161.888 Thread 0x00000227f96e9ce0 

Event: 13161.888 Thread 0x00000227f96e9ce0 

Event: 13161.888 Thread 0x00000227f96e9ce0 27395       1       org.eclipse.jdt.launching.internal.org.objectweb.asm.ClassReader::accept (1419 bytes)
Event: 13161.895 Thread 0x00000227f96e9ce0 nmethod 27395 0x00000227ef4a8610 code [0x00000227ef4a8d80, 0x00000227ef4ad220]
Event: 13161.895 Thread 0x00000227f96e9ce0 27392       1       org.eclipse.jdt.launching.internal.org.objectweb.asm.SymbolTable::addConstantMethodHandle (51 bytes)
Event: 13161.897 Thread 0x00000227f96e9ce0 nmethod 27392 0x00000227ee956f90 code [0x00000227ee957160, 0x00000227ee957448]

GC Heap History (20 events):
Event: 10461.461 GC heap after
{Heap after GC invocations=120 (full 27):
 garbage-first heap   total 178176K, used 47022K [0x000000070a800000, 0x0000000800000000)
  region size 2048K, 3 young (6144K), 3 survivors (6144K)
 Metaspace       used 92078K, committed 93504K, reserved 1179648K
  class space    used 12888K, committed 13440K, reserved 1048576K
}
Event: 10781.946 GC heap before
{Heap before GC invocations=120 (full 27):
 garbage-first heap   total 178176K, used 147374K [0x000000070a800000, 0x0000000800000000)
  region size 2048K, 52 young (106496K), 3 survivors (6144K)
 Metaspace       used 92091K, committed 93504K, reserved 1179648K
  class space    used 12892K, committed 13440K, reserved 1048576K
}
Event: 10781.957 GC heap after
{Heap after GC invocations=121 (full 27):
 garbage-first heap   total 178176K, used 47115K [0x000000070a800000, 0x0000000800000000)
  region size 2048K, 3 young (6144K), 3 survivors (6144K)
 Metaspace       used 92091K, committed 93504K, reserved 1179648K
  class space    used 12892K, committed 13440K, reserved 1048576K
}
Event: 11102.543 GC heap before
{Heap before GC invocations=122 (full 27):
 garbage-first heap   total 178176K, used 147467K [0x000000070a800000, 0x0000000800000000)
  region size 2048K, 52 young (106496K), 3 survivors (6144K)
 Metaspace       used 92091K, committed 93504K, reserved 1179648K
  class space    used 12892K, committed 13440K, reserved 1048576K
}
Event: 11102.558 GC heap after
{Heap after GC invocations=123 (full 27):
 garbage-first heap   total 178176K, used 47212K [0x000000070a800000, 0x0000000800000000)
  region size 2048K, 3 young (6144K), 3 survivors (6144K)
 Metaspace       used 92091K, committed 93504K, reserved 1179648K
  class space    used 12892K, committed 13440K, reserved 1048576K
}
Event: 11424.970 GC heap before
{Heap before GC invocations=123 (full 27):
 garbage-first heap   total 178176K, used 147564K [0x000000070a800000, 0x0000000800000000)
  region size 2048K, 52 young (106496K), 3 survivors (6144K)
 Metaspace       used 92091K, committed 93504K, reserved 1179648K
  class space    used 12892K, committed 13440K, reserved 1048576K
}
Event: 11424.976 GC heap after
{Heap after GC invocations=124 (full 27):
 garbage-first heap   total 178176K, used 47402K [0x000000070a800000, 0x0000000800000000)
  region size 2048K, 3 young (6144K), 3 survivors (6144K)
 Metaspace       used 92091K, committed 93504K, reserved 1179648K
  class space    used 12892K, committed 13440K, reserved 1048576K
}
Event: 11751.089 GC heap before
{Heap before GC invocations=124 (full 27):
 garbage-first heap   total 178176K, used 147754K [0x000000070a800000, 0x0000000800000000)
  region size 2048K, 52 young (106496K), 3 survivors (6144K)
 Metaspace       used 92091K, committed 93504K, reserved 1179648K
  class space    used 12892K, committed 13440K, reserved 1048576K
}
Event: 11751.100 GC heap after
{Heap after GC invocations=125 (full 27):
 garbage-first heap   total 178176K, used 47211K [0x000000070a800000, 0x0000000800000000)
  region size 2048K, 3 young (6144K), 3 survivors (6144K)
 Metaspace       used 92091K, committed 93504K, reserved 1179648K
  class space    used 12892K, committed 13440K, reserved 1048576K
}
Event: 12071.731 GC heap before
{Heap before GC invocations=126 (full 27):
 garbage-first heap   total 178176K, used 147563K [0x000000070a800000, 0x0000000800000000)
  region size 2048K, 52 young (106496K), 3 survivors (6144K)
 Metaspace       used 92103K, committed 93504K, reserved 1179648K
  class space    used 12896K, committed 13440K, reserved 1048576K
}
Event: 12071.743 GC heap after
{Heap after GC invocations=127 (full 27):
 garbage-first heap   total 178176K, used 47113K [0x000000070a800000, 0x0000000800000000)
  region size 2048K, 3 young (6144K), 3 survivors (6144K)
 Metaspace       used 92103K, committed 93504K, reserved 1179648K
  class space    used 12896K, committed 13440K, reserved 1048576K
}
Event: 12395.245 GC heap before
{Heap before GC invocations=127 (full 27):
 garbage-first heap   total 178176K, used 147465K [0x000000070a800000, 0x0000000800000000)
  region size 2048K, 52 young (106496K), 3 survivors (6144K)
 Metaspace       used 92104K, committed 93504K, reserved 1179648K
  class space    used 12896K, committed 13440K, reserved 1048576K
}
Event: 12395.252 GC heap after
{Heap after GC invocations=128 (full 27):
 garbage-first heap   total 178176K, used 47027K [0x000000070a800000, 0x0000000800000000)
  region size 2048K, 3 young (6144K), 3 survivors (6144K)
 Metaspace       used 92104K, committed 93504K, reserved 1179648K
  class space    used 12896K, committed 13440K, reserved 1048576K
}
Event: 12717.609 GC heap before
{Heap before GC invocations=128 (full 27):
 garbage-first heap   total 178176K, used 147379K [0x000000070a800000, 0x0000000800000000)
  region size 2048K, 52 young (106496K), 3 survivors (6144K)
 Metaspace       used 92104K, committed 93504K, reserved 1179648K
  class space    used 12896K, committed 13440K, reserved 1048576K
}
Event: 12717.623 GC heap after
{Heap after GC invocations=129 (full 27):
 garbage-first heap   total 178176K, used 47422K [0x000000070a800000, 0x0000000800000000)
  region size 2048K, 1 young (2048K), 1 survivors (2048K)
 Metaspace       used 92104K, committed 93504K, reserved 1179648K
  class space    used 12896K, committed 13440K, reserved 1048576K
}
Event: 12935.030 GC heap before
{Heap before GC invocations=130 (full 27):
 garbage-first heap   total 172032K, used 117054K [0x000000070a800000, 0x0000000800000000)
  region size 2048K, 36 young (73728K), 1 survivors (2048K)
 Metaspace       used 92110K, committed 93504K, reserved 1179648K
  class space    used 12897K, committed 13440K, reserved 1048576K
}
Event: 12935.200 GC heap after
{Heap after GC invocations=131 (full 28):
 garbage-first heap   total 151552K, used 39042K [0x000000070a800000, 0x0000000800000000)
  region size 2048K, 0 young (0K), 0 survivors (0K)
 Metaspace       used 91688K, committed 93312K, reserved 1179648K
  class space    used 12854K, committed 13440K, reserved 1048576K
}
Event: 12936.455 GC heap before
{Heap before GC invocations=131 (full 28):
 garbage-first heap   total 151552K, used 88194K [0x000000070a800000, 0x0000000800000000)
  region size 2048K, 25 young (51200K), 0 survivors (0K)
 Metaspace       used 91978K, committed 93312K, reserved 1179648K
  class space    used 12908K, committed 13440K, reserved 1048576K
}
Event: 12936.460 GC heap after
{Heap after GC invocations=132 (full 28):
 garbage-first heap   total 151552K, used 44494K [0x000000070a800000, 0x0000000800000000)
  region size 2048K, 3 young (6144K), 3 survivors (6144K)
 Metaspace       used 91978K, committed 93312K, reserved 1179648K
  class space    used 12908K, committed 13440K, reserved 1048576K
}
Event: 13171.978 GC heap before
{Heap before GC invocations=133 (full 28):
 garbage-first heap   total 151552K, used 128462K [0x000000070a800000, 0x0000000800000000)
  region size 2048K, 44 young (90112K), 3 survivors (6144K)
 Metaspace       used 92384K, committed 93504K, reserved 1179648K
  class space    used 12940K, committed 13440K, reserved 1048576K
}

Dll operation events (12 events):
Event: 0.007 Loaded shared library C:\pleiades\2026-03\java\21\bin\java.dll
Event: 0.099 Loaded shared library C:\pleiades\2026-03\java\21\bin\zip.dll
Event: 0.103 Loaded shared library C:\pleiades\2026-03\java\21\bin\instrument.dll
Event: 0.106 Loaded shared library C:\pleiades\2026-03\java\21\bin\net.dll
Event: 0.106 Loaded shared library C:\pleiades\2026-03\java\21\bin\nio.dll
Event: 0.108 Loaded shared library C:\pleiades\2026-03\java\21\bin\zip.dll
Event: 0.174 Loaded shared library C:\pleiades\2026-03\java\21\bin\jimage.dll
Event: 0.200 Loaded shared library C:\pleiades\2026-03\java\21\bin\management.dll
Event: 0.208 Loaded shared library C:\pleiades\2026-03\java\21\bin\management_ext.dll
Event: 0.318 Loaded shared library C:\pleiades\2026-03\java\21\bin\verify.dll
Event: 0.373 Loaded shared library C:\pleiades\2026-03\java\21\bin\extnet.dll
Event: 0.932 Loaded shared library C:\pleiades\2026-03\java\21\bin\sunmscapi.dll

Deoptimization events (20 events):
Event: 12937.116 Thread 0x00000227c2bf12f0 DEOPT PACKING pc=0x00000227eed60994 sp=0x000000a4beafcc30
Event: 12937.116 Thread 0x00000227c2bf12f0 DEOPT UNPACKING pc=0x00000227ee7d4bc2 sp=0x000000a4beafc0f8 mode 1
Event: 12937.116 Thread 0x00000227c2bf12f0 DEOPT PACKING pc=0x00000227ee9957e4 sp=0x000000a4beafccc0
Event: 12937.116 Thread 0x00000227c2bf12f0 DEOPT UNPACKING pc=0x00000227ee7d4bc2 sp=0x000000a4beafc2a0 mode 1
Event: 12962.988 Thread 0x00000227fea18060 DEOPT PACKING pc=0x00000227ef1abaf4 sp=0x000000a4be8fe4c0
Event: 12962.988 Thread 0x00000227fea18060 DEOPT UNPACKING pc=0x00000227ee7d4bc2 sp=0x000000a4be8fda28 mode 1
Event: 12962.988 Thread 0x00000227fea18060 DEOPT PACKING pc=0x00000227ef1abaf4 sp=0x000000a4be8fe4c0
Event: 12962.988 Thread 0x00000227fea18060 DEOPT UNPACKING pc=0x00000227ee7d4bc2 sp=0x000000a4be8fda28 mode 1
Event: 12962.988 Thread 0x00000227fea18060 DEOPT PACKING pc=0x00000227ef1abaf4 sp=0x000000a4be8fe4c0
Event: 12962.988 Thread 0x00000227fea18060 DEOPT UNPACKING pc=0x00000227ee7d4bc2 sp=0x000000a4be8fda28 mode 1
Event: 12962.988 Thread 0x00000227fea18060 DEOPT PACKING pc=0x00000227ef1abaf4 sp=0x000000a4be8fe4c0
Event: 12962.988 Thread 0x00000227fea18060 DEOPT UNPACKING pc=0x00000227ee7d4bc2 sp=0x000000a4be8fda28 mode 1
Event: 12962.988 Thread 0x00000227fea18060 DEOPT PACKING pc=0x00000227ef1abaf4 sp=0x000000a4be8fe4c0
Event: 12962.988 Thread 0x00000227fea18060 DEOPT UNPACKING pc=0x00000227ee7d4bc2 sp=0x000000a4be8fda28 mode 1
Event: 12962.988 Thread 0x00000227fea18060 DEOPT PACKING pc=0x00000227ef1abaf4 sp=0x000000a4be8fe4c0
Event: 12962.988 Thread 0x00000227fea18060 DEOPT UNPACKING pc=0x00000227ee7d4bc2 sp=0x000000a4be8fda28 mode 1
Event: 12962.988 Thread 0x00000227fea18060 DEOPT PACKING pc=0x00000227ef1abaf4 sp=0x000000a4be8fe4c0
Event: 12962.988 Thread 0x00000227fea18060 DEOPT UNPACKING pc=0x00000227ee7d4bc2 sp=0x000000a4be8fda28 mode 1
Event: 12964.974 Thread 0x00000227c2bf12f0 DEOPT PACKING pc=0x00000227eebb1d34 sp=0x000000a4beafcfe0
Event: 12964.974 Thread 0x00000227c2bf12f0 DEOPT UNPACKING pc=0x00000227ee7d4bc2 sp=0x000000a4beafc498 mode 0

Classes loaded (20 events):
Event: 208.653 Loading class java/nio/file/FileVisitResult
Event: 208.653 Loading class java/nio/file/FileVisitResult done
Event: 208.681 Loading class java/lang/ref/Finalizer$2
Event: 208.681 Loading class java/lang/ref/Finalizer$2 done
Event: 208.681 Loading class java/lang/ref/Finalizer$1
Event: 208.681 Loading class java/lang/ref/Finalizer$1 done
Event: 272.722 Loading class jdk/internal/loader/BootLoader$PackageHelper
Event: 272.723 Loading class jdk/internal/loader/BootLoader$PackageHelper done
Event: 272.723 Loading class java/lang/Class$Holder
Event: 272.723 Loading class java/lang/Class$Holder done
Event: 282.074 Loading class java/lang/Throwable$WrappedPrintStream
Event: 282.074 Loading class java/lang/Throwable$WrappedPrintStream done
Event: 6678.427 Loading class java/time/DurationEditor
Event: 6678.427 Loading class java/time/DurationEditor done
Event: 7110.874 Loading class java/time/DurationEditor
Event: 7110.874 Loading class java/time/DurationEditor done
Event: 7773.902 Loading class java/time/DurationEditor
Event: 7773.902 Loading class java/time/DurationEditor done
Event: 12936.075 Loading class java/time/DurationEditor
Event: 12936.076 Loading class java/time/DurationEditor done

Classes unloaded (20 events):
Event: 12935.049 Thread 0x00000227f96b4950 Unloading class 0x0000022781ce4288 'com/example/demo/entity/SlotTemplate$HibernateProxy'
Event: 12935.049 Thread 0x00000227f96b4950 Unloading class 0x0000022781ce4000 'com/example/demo/config/SecurityConfig$$SpringCGLIB$$FastClass$$1'
Event: 12935.049 Thread 0x00000227f96b4950 Unloading class 0x0000022781ce3cf8 'com/example/demo/config/SecurityConfig$$SpringCGLIB$$FastClass$$0'
Event: 12935.049 Thread 0x00000227f96b4950 Unloading class 0x0000022781ce3ab0 'com/example/demo/config/SecurityConfig$$SpringCGLIB$$0'
Event: 12935.049 Thread 0x00000227f96b4950 Unloading class 0x0000022781ce3868 'com/example/demo/entity/User$Role'
Event: 12935.049 Thread 0x00000227f96b4950 Unloading class 0x0000022781ce3668 'com/example/demo/repository/UserRepository'
Event: 12935.049 Thread 0x00000227f96b4950 Unloading class 0x0000022781ce3428 'com/example/demo/entity/UnavailableSlot'
Event: 12935.049 Thread 0x00000227f96b4950 Unloading class 0x0000022781ce3228 'com/example/demo/repository/UnavailableSlotRepository'
Event: 12935.049 Thread 0x00000227f96b4950 Unloading class 0x0000022781ce3000 'com/example/demo/entity/SlotTemplate'
Event: 12935.049 Thread 0x00000227f96b4950 Unloading class 0x0000022781ce1d08 'com/example/demo/repository/SlotTemplateRepository'
Event: 12935.049 Thread 0x00000227f96b4950 Unloading class 0x0000022781ce1ad0 'com/example/demo/entity/User'
Event: 12935.049 Thread 0x00000227f96b4950 Unloading class 0x0000022781ce1860 'com/example/demo/entity/Reservation'
Event: 12935.049 Thread 0x00000227f96b4950 Unloading class 0x0000022781ce1660 'com/example/demo/repository/ReservationRepository'
Event: 12935.050 Thread 0x00000227f96b4950 Unloading class 0x0000022781ce1448 'com/example/demo/service/TimelineService'
Event: 12935.050 Thread 0x00000227f96b4950 Unloading class 0x0000022781ce1218 'com/example/demo/service/CustomUserDetailsService'
Event: 12935.050 Thread 0x00000227f96b4950 Unloading class 0x0000022781ce1000 'com/example/demo/controller/StudentTimelineController'
Event: 12935.050 Thread 0x00000227f96b4950 Unloading class 0x0000022781ce0c30 'com/example/demo/controller/LoginController'
Event: 12935.050 Thread 0x00000227f96b4950 Unloading class 0x0000022781ce0a18 'com/example/demo/controller/CounselorTimelineController'
Event: 12935.050 Thread 0x00000227f96b4950 Unloading class 0x0000022781ce0800 'com/example/demo/config/SecurityConfig'
Event: 12935.050 Thread 0x00000227f96b4950 Unloading class 0x00000227814d6000 'com/example/demo/CounselingReservationSystemApplication'

Classes redefined (20 events):
Event: 13161.864 Thread 0x00000227f96b4950 redefined class name=com.example.demo.controller.StudentTimelineController, count=3
Event: 13161.864 Thread 0x00000227f96b4950 redefined class name=com.example.demo.controller.StudentTimelineController, count=3
Event: 13161.864 Thread 0x00000227f96b4950 redefined class name=com.example.demo.controller.StudentTimelineController, count=3
Event: 13161.864 Thread 0x00000227f96b4950 redefined class name=com.example.demo.controller.StudentTimelineController, count=3
Event: 13161.864 Thread 0x00000227f96b4950 redefined class name=com.example.demo.controller.StudentTimelineController, count=3
Event: 13161.864 Thread 0x00000227f96b4950 redefined class name=com.example.demo.controller.StudentTimelineController, count=3
Event: 13161.864 Thread 0x00000227f96b4950 redefined class name=com.example.demo.controller.StudentTimelineController, count=3
Event: 13161.864 Thread 0x00000227f96b4950 redefined class name=com.example.demo.controller.StudentTimelineController, count=3
Event: 13161.864 Thread 0x00000227f96b4950 redefined class name=com.example.demo.controller.StudentTimelineController, count=3
Event: 13161.864 Thread 0x00000227f96b4950 redefined class name=com.example.demo.controller.StudentTimelineController, count=3
Event: 13161.864 Thread 0x00000227f96b4950 redefined class name=com.example.demo.controller.StudentTimelineController, count=3
Event: 13161.864 Thread 0x00000227f96b4950 redefined class name=com.example.demo.controller.StudentTimelineController, count=3
Event: 13161.864 Thread 0x00000227f96b4950 redefined class name=com.example.demo.controller.StudentTimelineController, count=3
Event: 13161.864 Thread 0x00000227f96b4950 redefined class name=com.example.demo.controller.StudentTimelineController, count=3
Event: 13161.864 Thread 0x00000227f96b4950 redefined class name=com.example.demo.controller.StudentTimelineController, count=3
Event: 13161.864 Thread 0x00000227f96b4950 redefined class name=com.example.demo.controller.StudentTimelineController, count=3
Event: 13161.864 Thread 0x00000227f96b4950 redefined class name=com.example.demo.controller.StudentTimelineController, count=3
Event: 13161.864 Thread 0x00000227f96b4950 redefined class name=com.example.demo.controller.StudentTimelineController, count=3
Event: 13161.864 Thread 0x00000227f96b4950 redefined class name=com.example.demo.controller.StudentTimelineController, count=3
Event: 13161.864 Thread 0x00000227f96b4950 redefined class name=com.example.demo.controller.StudentTimelineController, count=3

Internal exceptions (20 events):
Event: 7830.204 Thread 0x00000227ff441450 Exception <a 'java/lang/InterruptedException'{0x000000070e8dab68}: sleep interrupted> (0x000000070e8dab68) 
thrown [s\src\hotspot\share\prims\jvm.cpp, line 3087]
Event: 7830.292 Thread 0x00000227fea2d5c0 Exception <a 'sun/nio/fs/WindowsException'{0x0000000713aa6120}> (0x0000000713aa6120) 
thrown [s\src\hotspot\share\prims\jni.cpp, line 520]
Event: 7830.652 Thread 0x00000227fea2d5c0 Exception <a 'java/io/FileNotFoundException'{0x0000000711815088}> (0x0000000711815088) 
thrown [s\src\hotspot\share\prims\jni.cpp, line 520]
Event: 7830.677 Thread 0x00000227fea2d5c0 Exception <a 'java/io/FileNotFoundException'{0x000000071161d510}> (0x000000071161d510) 
thrown [s\src\hotspot\share\prims\jni.cpp, line 520]
Event: 7830.805 Thread 0x00000227fea2d5c0 Exception <a 'java/lang/NoClassDefFoundError'{0x00000007110cf430}: com/fasterxml/jackson/databind/ObjectMapper> (0x00000007110cf430) 
thrown [s\src\hotspot\share\oops\constantPool.cpp, line 873]
Event: 7832.996 Thread 0x00000227fea2cf30 Exception <a 'java/lang/InterruptedException'{0x000000070ed6fb70}: sleep interrupted> (0x000000070ed6fb70) 
thrown [s\src\hotspot\share\prims\jvm.cpp, line 3087]
Event: 7833.080 Thread 0x00000227c7497280 Exception <a 'sun/nio/fs/WindowsException'{0x0000000713aa48d8}> (0x0000000713aa48d8) 
thrown [s\src\hotspot\share\prims\jni.cpp, line 520]
Event: 7833.412 Thread 0x00000227c7497280 Exception <a 'java/io/FileNotFoundException'{0x000000071183cd98}> (0x000000071183cd98) 
thrown [s\src\hotspot\share\prims\jni.cpp, line 520]
Event: 7833.443 Thread 0x00000227c7497280 Exception <a 'java/io/FileNotFoundException'{0x0000000711645720}> (0x0000000711645720) 
thrown [s\src\hotspot\share\prims\jni.cpp, line 520]
Event: 7833.542 Thread 0x00000227c7497280 Exception <a 'java/lang/NoClassDefFoundError'{0x00000007110a4c18}: com/fasterxml/jackson/databind/ObjectMapper> (0x00000007110a4c18) 
thrown [s\src\hotspot\share\oops\constantPool.cpp, line 873]
Event: 9000.806 Thread 0x00000227fea18060 Exception <a 'java/lang/NoSuchMethodError'{0x000000071225b5d0}: static [B.<clinit>()V> (0x000000071225b5d0) 
thrown [s\src\hotspot\share\prims\jni.cpp, line 1111]
Event: 9202.987 Thread 0x00000227fea2cf30 Exception <a 'java/lang/NoSuchMethodError'{0x000000071499cb98}: 'void java.lang.invoke.DelegatingMethodHandle$Holder.reinvoke_L(java.lang.Object, java.lang.Object, int)'> (0x000000071499cb98) 
thrown [s\src\hotspot\share\interpreter\linkResolver.cpp, line 773]
Event: 12935.021 Thread 0x00000227c7494490 Exception <a 'java/lang/InterruptedException'{0x0000000710b707d0}: sleep interrupted> (0x0000000710b707d0) 
thrown [s\src\hotspot\share\prims\jvm.cpp, line 3087]
Event: 12935.255 Thread 0x00000227c2bf12f0 Exception <a 'sun/nio/fs/WindowsException'{0x0000000713b4f628}> (0x0000000713b4f628) 
thrown [s\src\hotspot\share\prims\jni.cpp, line 520]
Event: 12935.999 Thread 0x00000227c2bf12f0 Exception <a 'java/lang/NoSuchMethodError'{0x0000000711d9d4d8}: 'void java.lang.invoke.DelegatingMethodHandle$Holder.reinvoke_L(java.lang.Object, java.lang.Object, int)'> (0x0000000711d9d4d8) 
thrown [s\src\hotspot\share\interpreter\linkResolver.cpp, line 773]
Event: 12936.224 Thread 0x00000227c2bf12f0 Exception <a 'java/lang/NoSuchMethodError'{0x000000071150bca8}: 'int java.lang.invoke.DirectMethodHandle$Holder.invokeVirtual(java.lang.Object, java.lang.Object, java.lang.Object, java.lang.Object)'> (0x000000071150bca8) 
thrown [s\src\hotspot\share\interpreter\linkResolver.cpp, line 773]
Event: 12936.225 Thread 0x00000227c2bf12f0 Exception <a 'java/lang/NoSuchMethodError'{0x000000071150f2d8}: 'int java.lang.invoke.DelegatingMethodHandle$Holder.reinvoke_L(java.lang.Object, java.lang.Object, java.lang.Object, java.lang.Object)'> (0x000000071150f2d8) 
thrown [s\src\hotspot\share\interpreter\linkResolver.cpp, line 773]
Event: 12936.231 Thread 0x00000227c2bf12f0 Exception <a 'java/io/FileNotFoundException'{0x000000071155c6e8}> (0x000000071155c6e8) 
thrown [s\src\hotspot\share\prims\jni.cpp, line 520]
Event: 12936.267 Thread 0x00000227c2bf12f0 Exception <a 'java/io/FileNotFoundException'{0x000000071137a4d8}> (0x000000071137a4d8) 
thrown [s\src\hotspot\share\prims\jni.cpp, line 520]
Event: 12936.474 Thread 0x00000227c2bf12f0 Exception <a 'java/lang/NoClassDefFoundError'{0x0000000713a31018}: com/fasterxml/jackson/databind/ObjectMapper> (0x0000000713a31018) 
thrown [s\src\hotspot\share\oops\constantPool.cpp, line 873]

ZGC Phase Switch (0 events):
No events

VM Operations (20 events):
Event: 12986.129 Executing non-safepoint VM operation: RendezvousGCThreads done
Event: 13070.168 Executing safepoint VM operation: RedefineClasses
Event: 13070.198 Executing safepoint VM operation: RedefineClasses done
Event: 13070.296 Executing safepoint VM operation: get/set locals
Event: 13070.296 Executing safepoint VM operation: get/set locals done
Event: 13082.307 Executing safepoint VM operation: RedefineClasses
Event: 13082.340 Executing safepoint VM operation: RedefineClasses done
Event: 13083.923 Executing safepoint VM operation: get/set locals
Event: 13083.923 Executing safepoint VM operation: get/set locals done
Event: 13095.508 Executing safepoint VM operation: RedefineClasses
Event: 13095.535 Executing safepoint VM operation: RedefineClasses done
Event: 13095.622 Executing safepoint VM operation: get/set locals
Event: 13095.622 Executing safepoint VM operation: get/set locals done
Event: 13097.645 Executing safepoint VM operation: Cleanup
Event: 13097.645 Executing safepoint VM operation: Cleanup done
Event: 13161.856 Executing safepoint VM operation: RedefineClasses
Event: 13161.888 Executing safepoint VM operation: RedefineClasses done
Event: 13161.957 Executing safepoint VM operation: get/set locals
Event: 13161.957 Executing safepoint VM operation: get/set locals done
Event: 13171.978 Executing safepoint VM operation: G1CollectForAllocation (G1 Evacuation Pause)

Memory protections (0 events):
No events

Nmethod flushes (20 events):
Event: 12935.170 Thread 0x00000227f96b4950 flushing  nmethod 0x00000227ef2a3790
Event: 12935.170 Thread 0x00000227f96b4950 flushing  nmethod 0x00000227efa71e10
Event: 12935.170 Thread 0x00000227f96b4950 flushing  nmethod 0x00000227efa75110
Event: 12936.492 Thread 0x00000227f96b4950 flushing  nmethod 0x00000227ef950b10
Event: 12936.492 Thread 0x00000227f96b4950 flushing  nmethod 0x00000227ee9c6a90
Event: 12936.492 Thread 0x00000227f96b4950 flushing  nmethod 0x00000227efc32b10
Event: 12936.492 Thread 0x00000227f96b4950 flushing  nmethod 0x00000227eebfcb90
Event: 12936.492 Thread 0x00000227f96b4950 flushing  nmethod 0x00000227eeb63d90
Event: 12936.492 Thread 0x00000227f96b4950 flushing  nmethod 0x00000227efde5790
Event: 12936.492 Thread 0x00000227f96b4950 flushing  nmethod 0x00000227ee96d590
Event: 12936.492 Thread 0x00000227f96b4950 flushing  nmethod 0x00000227eea73990
Event: 12936.492 Thread 0x00000227f96b4950 flushing  nmethod 0x00000227ef655e10
Event: 12936.492 Thread 0x00000227f96b4950 flushing  nmethod 0x00000227ef77ba90
Event: 12936.492 Thread 0x00000227f96b4950 flushing  nmethod 0x00000227ef8b0890
Event: 12936.492 Thread 0x00000227f96b4950 flushing  nmethod 0x00000227ef945b90
Event: 12936.492 Thread 0x00000227f96b4950 flushing  nmethod 0x00000227ef9ffd10
Event: 12936.492 Thread 0x00000227f96b4950 flushing  nmethod 0x00000227ef073610
Event: 12936.492 Thread 0x00000227f96b4950 flushing  nmethod 0x00000227ef7a9a10
Event: 12936.492 Thread 0x00000227f96b4950 flushing  nmethod 0x00000227ef7ab410
Event: 12936.492 Thread 0x00000227f96b4950 flushing  nmethod 0x00000227ef3e1310

Events (20 events):
Event: 12935.022 Thread 0x00000227c7496bf0 Thread exited: 0x00000227c7496bf0
Event: 12935.200 Thread 0x00000227c2bee500 Thread added: 0x00000227c2bef220
Event: 12935.201 Thread 0x00000227c2bef220 Thread exited: 0x00000227c2bef220
Event: 12935.202 Thread 0x00000227c2bee500 Thread added: 0x00000227c2bf12f0
Event: 12935.258 Thread 0x00000227f96e9ce0 Thread added: 0x00000227fe4235e0
Event: 12935.456 Thread 0x00000227c2bf12f0 Thread added: 0x00000227c2bf40e0
Event: 12935.467 Thread 0x00000227c2bf40e0 Thread exited: 0x00000227c2bf40e0
Event: 12936.268 Thread 0x00000227c2bf12f0 Thread added: 0x00000227c2bf4770
Event: 12936.269 Thread 0x00000227c2bf12f0 Thread added: 0x00000227c2bf2d30
Event: 12936.269 Thread 0x00000227c2bf12f0 Thread added: 0x00000227c2bf33c0
Event: 12936.414 Thread 0x00000227c2bf12f0 Thread added: 0x00000227c2a66fb0
Event: 12936.516 Thread 0x00000227c2a66fb0 Thread added: 0x00000227c2a65c00
Event: 12941.944 Thread 0x00000227c2a65c00 Thread exited: 0x00000227c2a65c00
Event: 12942.365 Thread 0x00000227fe4235e0 Thread exited: 0x00000227fe4235e0
Event: 12942.365 Thread 0x00000227c7784c90 Thread exited: 0x00000227c7784c90
Event: 12947.378 Thread 0x00000227fec1a340 Thread exited: 0x00000227fec1a340
Event: 13082.304 Thread 0x00000227f96e9ce0 Thread added: 0x00000227c7784c90
Event: 13082.305 Thread 0x00000227f96e9ce0 Thread added: 0x00000227fec1a340
Event: 13088.016 Thread 0x00000227fec1a340 Thread exited: 0x00000227fec1a340
Event: 13093.019 Thread 0x00000227c7784c90 Thread exited: 0x00000227c7784c90


Dynamic libraries:
0x00007ff741050000 - 0x00007ff74105e000 	C:\pleiades\2026-03\java\21\bin\javaw.exe
0x00007ffb981a0000 - 0x00007ffb98406000 	C:\WINDOWS\SYSTEM32\ntdll.dll
0x00007ffb96d50000 - 0x00007ffb96e19000 	C:\WINDOWS\System32\KERNEL32.DLL
0x00007ffb95580000 - 0x00007ffb9597e000 	C:\WINDOWS\System32\KERNELBASE.dll
0x00007ffb95cb0000 - 0x00007ffb95dfc000 	C:\WINDOWS\System32\ucrtbase.dll
0x00007ffb61b70000 - 0x00007ffb61b88000 	C:\pleiades\2026-03\java\21\bin\jli.dll
0x00007ffb03580000 - 0x00007ffb0359e000 	C:\pleiades\2026-03\java\21\bin\VCRUNTIME140.dll
0x00007ffb96670000 - 0x00007ffb96837000 	C:\WINDOWS\System32\USER32.dll
0x00007ffb7c720000 - 0x00007ffb7c9b2000 	C:\WINDOWS\WinSxS\amd64_microsoft.windows.common-controls_6595b64144ccf1df_6.0.26100.8875_none_3e0d5d42e32fe9dd\COMCTL32.dll
0x00007ffb95990000 - 0x00007ffb959b7000 	C:\WINDOWS\System32\win32u.dll
0x00007ffb96640000 - 0x00007ffb9666b000 	C:\WINDOWS\System32\GDI32.dll
0x00007ffb96850000 - 0x00007ffb968f9000 	C:\WINDOWS\System32\msvcrt.dll
0x00007ffb953c0000 - 0x00007ffb954ea000 	C:\WINDOWS\System32\gdi32full.dll
0x00007ffb95c00000 - 0x00007ffb95ca3000 	C:\WINDOWS\System32\msvcp_win.dll
0x00007ffb95f60000 - 0x00007ffb95f92000 	C:\WINDOWS\System32\IMM32.DLL
0x00007ffb67000000 - 0x00007ffb6700c000 	C:\pleiades\2026-03\java\21\bin\vcruntime140_1.dll
0x00007ffaf8300000 - 0x00007ffaf838d000 	C:\pleiades\2026-03\java\21\bin\msvcp140.dll
0x00007ffb1d100000 - 0x00007ffb1dea1000 	C:\pleiades\2026-03\java\21\bin\server\jvm.dll
0x00007ffb96eb0000 - 0x00007ffb96f67000 	C:\WINDOWS\System32\ADVAPI32.dll
0x00007ffb97c00000 - 0x00007ffb97caa000 	C:\WINDOWS\System32\sechost.dll
0x00007ffb97fa0000 - 0x00007ffb980b8000 	C:\WINDOWS\System32\RPCRT4.dll
0x00007ffb95fa0000 - 0x00007ffb96020000 	C:\WINDOWS\System32\WS2_32.dll
0x00007ffb94f90000 - 0x00007ffb94fee000 	C:\WINDOWS\SYSTEM32\POWRPROF.dll
0x00007ffb8d900000 - 0x00007ffb8d90b000 	C:\WINDOWS\SYSTEM32\VERSION.dll
0x00007ffb91a60000 - 0x00007ffb91a96000 	C:\WINDOWS\SYSTEM32\WINMM.dll
0x00007ffb94da0000 - 0x00007ffb94db4000 	C:\WINDOWS\SYSTEM32\UMPDC.dll
0x00007ffb94060000 - 0x00007ffb9407b000 	C:\WINDOWS\SYSTEM32\kernel.appcore.dll
0x00007ffb6f540000 - 0x00007ffb6f54a000 	C:\pleiades\2026-03\java\21\bin\jimage.dll
0x00007ffb92690000 - 0x00007ffb928d2000 	C:\WINDOWS\SYSTEM32\DBGHELP.DLL
0x00007ffb977f0000 - 0x00007ffb97b73000 	C:\WINDOWS\System32\combase.dll
0x00007ffb97710000 - 0x00007ffb977e9000 	C:\WINDOWS\System32\OLEAUT32.dll
0x00007ffb75b60000 - 0x00007ffb75b9b000 	C:\WINDOWS\SYSTEM32\dbgcore.DLL
0x00007ffb95b40000 - 0x00007ffb95bec000 	C:\WINDOWS\System32\bcryptPrimitives.dll
0x00007ffb7e610000 - 0x00007ffb7e64c000 	C:\pleiades\2026-03\java\21\bin\jdwp.dll
0x00007ffb6e6b0000 - 0x00007ffb6e6bf000 	C:\pleiades\2026-03\java\21\bin\instrument.dll
0x00007ffb61b50000 - 0x00007ffb61b70000 	C:\pleiades\2026-03\java\21\bin\java.dll
0x00007ffb96f70000 - 0x00007ffb97702000 	C:\WINDOWS\System32\SHELL32.dll
0x00007ffb92d30000 - 0x00007ffb935c2000 	C:\WINDOWS\SYSTEM32\windows.storage.dll
0x00007ffb960b0000 - 0x00007ffb961a7000 	C:\WINDOWS\System32\SHCORE.dll
0x00007ffb97b80000 - 0x00007ffb97be7000 	C:\WINDOWS\System32\shlwapi.dll
0x00007ffb952e0000 - 0x00007ffb95309000 	C:\WINDOWS\SYSTEM32\profapi.dll
0x00007ffb7e700000 - 0x00007ffb7e70c000 	C:\pleiades\2026-03\java\21\bin\dt_socket.dll
0x00007ffb93770000 - 0x00007ffb937a3000 	C:\WINDOWS\SYSTEM32\IPHLPAPI.DLL
0x00007ffb945f0000 - 0x00007ffb9465c000 	C:\WINDOWS\system32\mswsock.dll
0x00007ffb937b0000 - 0x00007ffb93906000 	C:\WINDOWS\SYSTEM32\DNSAPI.dll
0x00007ffb943c0000 - 0x00007ffb943cd000 	C:\WINDOWS\SYSTEM32\DSPARSE.dll
0x00007ffb97bf0000 - 0x00007ffb97bfa000 	C:\WINDOWS\System32\NSI.dll
0x00007ffb8d640000 - 0x00007ffb8d64b000 	C:\Windows\System32\rasadhlp.dll
0x00007ffb8f410000 - 0x00007ffb8f496000 	C:\WINDOWS\System32\fwpuclnt.dll
0x00007ffb619b0000 - 0x00007ffb619c8000 	C:\pleiades\2026-03\java\21\bin\zip.dll
0x00007ffb6e1e0000 - 0x00007ffb6e1f0000 	C:\pleiades\2026-03\java\21\bin\net.dll
0x00007ffb8f060000 - 0x00007ffb8f187000 	C:\WINDOWS\SYSTEM32\WINHTTP.dll
0x00007ffb607d0000 - 0x00007ffb607e6000 	C:\pleiades\2026-03\java\21\bin\nio.dll
0x00007ffb66f00000 - 0x00007ffb66f0a000 	C:\pleiades\2026-03\java\21\bin\management.dll
0x00007ffb66e40000 - 0x00007ffb66e4c000 	C:\pleiades\2026-03\java\21\bin\management_ext.dll
0x00007ffb97cb0000 - 0x00007ffb97cb8000 	C:\WINDOWS\System32\PSAPI.DLL
0x00007ffb79af0000 - 0x00007ffb79b08000 	C:\WINDOWS\system32\napinsp.dll
0x00007ffb79ad0000 - 0x00007ffb79ae3000 	C:\WINDOWS\System32\winrnr.dll
0x00007ffb74710000 - 0x00007ffb74732000 	C:\WINDOWS\system32\nlansp_c.dll
0x00007ffb746f0000 - 0x00007ffb74706000 	C:\WINDOWS\system32\wshbth.dll
0x00007ffb7e220000 - 0x00007ffb7e230000 	C:\pleiades\2026-03\java\21\bin\verify.dll
0x00007ffb94a20000 - 0x00007ffb94a3b000 	C:\WINDOWS\SYSTEM32\CRYPTSP.dll
0x00007ffb93fc0000 - 0x00007ffb93ff9000 	C:\WINDOWS\system32\rsaenh.dll
0x00007ffb946b0000 - 0x00007ffb946e2000 	C:\WINDOWS\SYSTEM32\USERENV.dll
0x00007ffb952b0000 - 0x00007ffb952da000 	C:\WINDOWS\SYSTEM32\bcrypt.dll
0x00007ffb949f0000 - 0x00007ffb949fc000 	C:\WINDOWS\SYSTEM32\CRYPTBASE.dll
0x00007ffb666a0000 - 0x00007ffb666a9000 	C:\pleiades\2026-03\java\21\bin\extnet.dll
0x00007ffb6ca30000 - 0x00007ffb6ca3e000 	C:\pleiades\2026-03\java\21\bin\sunmscapi.dll
0x00007ffb959c0000 - 0x00007ffb95b38000 	C:\WINDOWS\System32\CRYPT32.dll
0x00007ffb94c00000 - 0x00007ffb94c30000 	C:\WINDOWS\SYSTEM32\ncrypt.dll
0x00007ffb94bb0000 - 0x00007ffb94bef000 	C:\WINDOWS\SYSTEM32\NTASN1.dll
0x00007ffb6cb50000 - 0x00007ffb6cb58000 	C:\WINDOWS\system32\wshunix.dll

JVMTI agents:
jdwp path:C:\pleiades\2026-03\java\21\bin\jdwp.dll, loaded, initialized, options:transport=dt_socket,suspend=y,address=localhost:53113
C:\pleiades\2026-03\eclipse\configuration\org.eclipse.osgi\258\0\.cp\lib\javaagent-shaded.jar path:C:\pleiades\2026-03\java\21\bin\instrument.dll, loaded, initialized, instrumentlib options:none

dbghelp: loaded successfully - version: 4.0.5 - missing functions: none
symbol engine: initialized successfully - sym options: 0x614 - pdb path: .;C:\pleiades\2026-03\java\21\bin;C:\WINDOWS\SYSTEM32;C:\WINDOWS\WinSxS\amd64_microsoft.windows.common-controls_6595b64144ccf1df_6.0.26100.8875_none_3e0d5d42e32fe9dd;C:\pleiades\2026-03\java\21\bin\server

VM Arguments:
jvm_args: -XX:+ShowCodeDetailsInExceptionMessages -agentlib:jdwp=transport=dt_socket,suspend=y,address=localhost:53113 -Dcom.sun.management.jmxremote -Dcom.sun.management.jmxremote.port=53110 -Dcom.sun.management.jmxremote.authenticate=false -Dcom.sun.management.jmxremote.ssl=false -Djava.rmi.server.hostname=localhost -Dspring.jmx.enabled=true -Dmanagement.endpoints.jmx.exposure.include=* -Dspring.application.admin.enabled=true -Dspring.output.ansi.enabled=always -XX:TieredStopAtLevel=1 -Dspring.boot.project.name=CounselingReservationSystem -javaagent:C:\pleiades\2026-03\eclipse\configuration\org.eclipse.osgi\258\0\.cp\lib\javaagent-shaded.jar -Dfile.encoding=UTF-8 -Dstdout.encoding=UTF-8 -Dstderr.encoding=UTF-8 
java_command: com.example.demo.CounselingReservationSystemApplication
java_class_path (initial): C:\pleiades\2026-03\workspace\CounselingReservationSystem\target\classes;C:\Users\info09\.m2\repository\org\springframework\boot\spring-boot-starter-data-jpa\4.1.0\spring-boot-starter-data-jpa-4.1.0.jar;C:\Users\info09\.m2\repository\org\springframework\boot\spring-boot-starter\4.1.0\spring-boot-starter-4.1.0.jar;C:\Users\info09\.m2\repository\org\springframework\boot\spring-boot-starter-logging\4.1.0\spring-boot-starter-logging-4.1.0.jar;C:\Users\info09\.m2\repository\ch\qos\logback\logback-classic\1.5.34\logback-classic-1.5.34.jar;C:\Users\info09\.m2\repository\ch\qos\logback\logback-core\1.5.34\logback-core-1.5.34.jar;C:\Users\info09\.m2\repository\org\apache\logging\log4j\log4j-to-slf4j\2.25.4\log4j-to-slf4j-2.25.4.jar;C:\Users\info09\.m2\repository\org\apache\logging\log4j\log4j-api\2.25.4\log4j-api-2.25.4.jar;C:\Users\info09\.m2\repository\org\slf4j\jul-to-slf4j\2.0.18\jul-to-slf4j-2.0.18.jar;C:\Users\info09\.m2\repository\jakarta\annotation\jakarta.annotation-api\3.0.0\jakarta.annotation-api-3.0.0.jar;C:\Users\info09\.m2\repository\org\yaml\snakeyaml\2.6\snakeyaml-2.6.jar;C:\Users\info09\.m2\repository\org\springframework\boot\spring-boot-starter-jdbc\4.1.0\spring-boot-starter-jdbc-4.1.0.jar;C:\Users\info09\.m2\repository\com\zaxxer\HikariCP\7.0.2\HikariCP-7.0.2.jar;C:\Users\info09\.m2\repository\org\slf4j\slf4j-api\2.0.18\slf4j-api-2.0.18.jar;C:\Users\info09\.m2\repository\org\springframework\boot\spring-boot-data-jpa\4.1.0\spring-boot-data-jpa-4.1.0.jar;C:\Users\info09\.m2\repository\org\springframework\boot\spring-boot-data-commons\4.1.0\spring-boot-data-commons-4.1.0.jar;C:\Users\info09\.m2\repository\org\springframework\boot\spring-boot-persistence\4.1.0\spring-boot-persistence-4.1.0.jar;C:\Users\info09\.m2\repository\org\springframework\data\spring-data-commons\4.1.0\spring-data-commons-4.1.0.jar;C:\Users\info09\.m2\repository\org\springframework\boot\spring-boot-hibernate\4.1.0\spring-boot-hibernate-4.1.0.jar;C:\Users\info09\.m2\repository\org\springframework\boot\spring-boot-jpa\4.1.0\spring-boot-jpa-4.1.0.jar;C:\Users\info09\.m2\repository\jakarta\persistence\jakarta.persistence-api\3.2.0\jakarta.persistence-api-3.2.0.jar;C:\Users\info09\.m2\repository\org\hibernate\orm\hibernate-core\7.4.1.Final\hibernate-core-7.4.1.Final.jar;C:\Users\info09\.m2\repository\jakarta\transaction\jakarta.transaction-api\2.0.1\jakarta.transaction-api-2.0.1.jar;C:\Users\info09\.m2\repository\org\jboss\logging\jboss-logging\3.6.3.Final\jboss-logging-3.6.3.Final.jar;C:\Users\info09\.m2\repository\org\hibernate\models\hibernate-models\1.1.1\hibernate-models-1.1.1.jar;C:\Users\info09\.m2\repository\org\glassfish\jaxb\jaxb-runtime\4.0.9\jaxb-runtime-4.0.9.jar;C:\Users\info09\.m2\repository\org\glassfish\jaxb\jaxb-core\4.0.9\jaxb-core-4.0.9.jar;C:\Users\info09\.m2\repository\org\eclipse\angus\angus-activation\2.0.3\angus-activation-2.0.3.jar;C:\Users\info09\.m2\repository\org\glassfish\jaxb\txw2\4.0.9\txw2-4.0.9.jar;C:\Users\info09\.m2\repository\com\sun\istack\istack-commons-runtime\4.1.2\istack-commons-runtime-4.1.2.jar;C:\Users\info09\.m2\repository\jakarta\inject\jakarta.inject-api\2.0.1\jakarta.inject-api-2.0.1.jar;C:\Users\info09\.m2\repository\org\springframework\spring-orm\7.0.8\spring-orm-7.0.8.jar;C:\Users\info09\.m2\repository\org\springframework\data\spring-data-jpa\4.1.0\spring-data-jpa-4.1.0.jar;C:\Users\info09\.m2\repository\org\springframework\spring-tx\7.0.8\spring-tx-7.0.8.jar;C:\Users\info09\.m2\repository\org\antlr\antlr4-runtime\4.13.2\antlr4-runtime-4.13.2.jar;C:\Users\info09\.m2\repository\org\springframework\spring-aspects\7.0.8\spring-aspects-7.0.8.jar;C:\Users\info09\.m2\repository\org\aspectj\aspectjweaver\1.9.25.1\aspectjweaver-1.9.25.1.jar;C:\Users\info09\.m2\repository\org\springframework\boot\spring-boot-jdbc\4.1.0\spring-boot-jdbc-4.1.0.jar;C:\Users\info09\.m2\repository\org\springframework\boot\spring-boot-sql\4.1.0\spring-boot-sql-4.1.0.jar;C:\Users\info09\.m2\repository\org\springframework\boot\spring-boot-transaction\4.1.0\spring-boot-transaction-4.1.0.jar;C:\Users\info09\.m2\repository\org\springframework\spring-jdbc\7.0.8\spring-jdbc-7.0.8.jar;C:\Users\info09\.m2\repository\org\springframework\boot\spring-boot-starter-thymeleaf\4.1.0\spring-boot-starter-thymeleaf-4.1.0.jar;C:\Users\info09\.m2\repository\org\springframework\boot\spring-boot-thymeleaf\4.1.0\spring-boot-thymeleaf-4.1.0.jar;C:\Users\info09\.m2\repository\org\thymeleaf\thymeleaf-spring6\3.1.5.RELEASE\thymeleaf-spring6-3.1.5.RELEASE.jar;C:\Users\info09\.m2\repository\org\thymeleaf\thymeleaf\3.1.5.RELEASE\thymeleaf-3.1.5.RELEASE.jar;C:\Users\info09\.m2\repository\org\attoparser\attoparser\2.0.7.RELEASE\attoparser-2.0.7.RELEASE.jar;C:\Users\info09\.m2\repository\org\unbescape\unbescape\1.1.6.RELEASE\unbescape-1.1.6.RELEASE.jar;C:\Users\info09\.m2\repository\org\springframework\spring-web\7.0.8\spring-web-7.0.8.jar;C:\Users\info09\.m2\repository\io\micrometer\micrometer-observation\1.17.0\micrometer-observation-1.17.0.jar;C:\Users\info09\.m2\repository\io\micrometer\micrometer-commons\1.17.0\micrometer-commons-1.17.0.jar;C:\Users\info09\.m2\repository\org\springframework\boot\spring-boot-starter-webmvc\4.1.0\spring-boot-starter-webmvc-4.1.0.jar;C:\Users\info09\.m2\repository\org\springframework\boot\spring-boot-starter-jackson\4.1.0\spring-boot-starter-jackson-4.1.0.jar;C:\Users\info09\.m2\repository\org\springframework\boot\spring-boot-jackson\4.1.0\spring-boot-jackson-4.1.0.jar;C:\Users\info09\.m2\repository\tools\jackson\core\jackson-databind\3.1.4\jackson-databind-3.1.4.jar;C:\Users\info09\.m2\repository\com\fasterxml\jackson\core\jackson-annotations\2.21\jackson-annotations-2.21.jar;C:\Users\info09\.m2\repository\tools\jackson\core\jackson-core\3.1.4\jackson-core-3.1.4.jar;C:\Users\info09\.m2\repository\org\springframework\boot\spring-boot-starter-tomcat\4.1.0\spring-boot-starter-tomcat-4.1.0.jar;C:\Users\info09\.m2\repository\org\springframework\boot\spring-boot-starter-tomcat-runtime\4.1.0\spring-boot-starter-tomcat-runtime-4.1.0.jar;C:\Users\info09\.m2\repository\org\apache\tomcat\embed\tomcat-embed-core\11.0.22\tomcat-embed-core-11.0.22.jar;C:\Users\info09\.m2\repository\org\apache\tomcat\embed\tomcat-embed-el\11.0.22\tomcat-embed-el-11.0.22.jar;C:\Users\info09\.m2\repository\org\apache\tomcat\embed\tomcat-embed-websocket\11.0.22\tomcat-embed-websocket-11.0.22.jar;C:\Users\info09\.m2\repository\org\springframework\boot\spring-boot-tomcat\4.1.0\spring-boot-tomcat-4.1.0.jar;C:\Users\info09\.m2\repository\org\springframework\boot\spring-boot-http-converter\4.1.0\spring-boot-http-converter-4.1.0.jar;C:\Users\info09\.m2\repository\org\springframework\boot\spring-boot-webmvc\4.1.0\spring-boot-webmvc-4.1.0.jar;C:\Users\info09\.m2\repository\org\springframework\boot\spring-boot-servlet\4.1.0\spring-boot-servlet-4.1.0.jar;C:\Users\info09\.m2\repository\org\springframework\spring-webmvc\7.0.8\spring-webmvc-7.0.8.jar;C:\Users\info09\.m2\repository\org\springframework\spring-expression\7.0.8\spring-expression-7.0.8.jar;C:\Users\info09\.m2\repository\org\springframework\boot\spring-boot-devtools\4.1.0\spring-boot-devtools-4.1.0.jar;C:\Users\info09\.m2\repository\org\springframework\boot\spring-boot\4.1.0\spring-boot-4.1.0.jar;C:\Users\info09\.m2\repository\org\springframework\spring-core\7.0.8\spring-core-7.0.8.jar;C:\Users\info09\.m2\repository\commons-logging\commons-logging\1.3.6\commons-logging-1.3.6.jar;C:\Users\info09\.m2\repository\org\jspecify\jspecify\1.0.0\jspecify-1.0.0.jar;C:\Users\info09\.m2\repository\org\springframework\spring-context\7.0.8\spring-context-7.0.8.jar;C:\Users\info09\.m2\repository\org\springframework\boot\spring-boot-autoconfigure\4.1.0\spring-boot-autoconfigure-4.1.0.jar;C:\Users\info09\.m2\repository\org\mariadb\jdbc\mariadb-java-client\3.5.8\mariadb-java-client-3.5.8.jar;C:\Users\info09\.m2\repository\org\projectlombok\lombok\1.18.46\lombok-1.18.46.jar;C:\Users\info09\.m2\repository\jakarta\xml\bind\jakarta.xml.bind-api\4.0.5\jakarta.xml.bind-api-4.0.5.jar;C:\Users\info09\.m2\repository\jakarta\activation\jakarta.activation-api\2.1.4\jakarta.activation-api-2.1.4.jar;C:\Users\info09\.m2\repository\net\bytebuddy\byte-buddy\1.18.10\byte-buddy-1.18.10.jar;C:\Users\info09\.m2\repository\org\springframework\boot\spring-boot-web-server\4.1.0\spring-boot-web-server-4.1.0.jar;C:\Users\info09\.m2\repository\org\springframework\security\spring-security-crypto\7.1.0\spring-security-crypto-7.1.0.jar;C:\Users\info09\.m2\repository\org\springframework\boot\spring-boot-starter-security\4.1.0\spring-boot-starter-security-4.1.0.jar;C:\Users\info09\.m2\repository\org\springframework\boot\spring-boot-security\4.1.0\spring-boot-security-4.1.0.jar;C:\Users\info09\.m2\repository\org\springframework\security\spring-security-config\7.1.0\spring-security-config-7.1.0.jar;C:\Users\info09\.m2\repository\org\springframework\security\spring-security-core\7.1.0\spring-security-core-7.1.0.jar;C:\Users\info09\.m2\repository\org\springframework\security\spring-security-web\7.1.0\spring-security-web-7.1.0.jar;C:\Users\info09\.m2\repository\org\springframework\spring-aop\7.0.8\spring-aop-7.0.8.jar;C:\Users\info09\.m2\repository\org\springframework\spring-beans\7.0.8\spring-beans-7.0.8.jar
Launcher Type: SUN_STANDARD

[Global flags]
     intx CICompilerCount                          = 4                                         {product} {ergonomic}
     uint ConcGCThreads                            = 3                                         {product} {ergonomic}
     uint G1ConcRefinementThreads                  = 11                                        {product} {ergonomic}
   size_t G1HeapRegionSize                         = 2097152                                   {product} {ergonomic}
    uintx GCDrainStackTargetSize                   = 64                                        {product} {ergonomic}
   size_t InitialHeapSize                          = 257949696                                 {product} {ergonomic}
     bool ManagementServer                         = true                                      {product} {command line}
   size_t MarkStackSize                            = 4194304                                   {product} {ergonomic}
   size_t MaxHeapSize                              = 4118806528                                {product} {ergonomic}
   size_t MaxNewSize                               = 2470445056                                {product} {ergonomic}
   size_t MinHeapDeltaBytes                        = 2097152                                   {product} {ergonomic}
   size_t MinHeapSize                              = 8388608                                   {product} {ergonomic}
    uintx NonNMethodCodeHeapSize                   = 4096                                   {pd product} {ergonomic}
    uintx NonProfiledCodeHeapSize                  = 0                                      {pd product} {ergonomic}
     bool ProfileInterpreter                       = false                                  {pd product} {command line}
    uintx ProfiledCodeHeapSize                     = 0                                      {pd product} {ergonomic}
     bool ShowCodeDetailsInExceptionMessages       = true                                   {manageable} {command line}
   size_t SoftMaxHeapSize                          = 4118806528                             {manageable} {ergonomic}
     intx TieredStopAtLevel                        = 1                                         {product} {command line}
     bool UseCompressedOops                        = true                           {product lp64_product} {ergonomic}
     bool UseG1GC                                  = true                                      {product} {ergonomic}
     bool UseLargePagesIndividualAllocation        = false                                  {pd product} {ergonomic}

Logging:
Log output configuration:
 #0: stdout all=warning uptime,level,tags foldmultilines=false
 #1: stderr all=off uptime,level,tags foldmultilines=false

Release file:
IMPLEMENTOR="Eclipse Adoptium" 
IMPLEMENTOR_VERSION="Temurin-21.0.10+7" 
JAVA_RUNTIME_VERSION="21.0.10+7-LTS" 
JAVA_VERSION="21.0.10" 
JAVA_VERSION_DATE="2026-01-20" 
LIBC="default" 
MODULES="java.base java.compiler java.datatransfer java.xml java.prefs java.desktop java.instrument java.logging java.management java.security.sasl java.naming java.rmi java.management.rmi java.net.http java.scripting java.security.jgss java.transaction.xa java.sql java.sql.rowset java.xml.crypto java.se java.smartcardio jdk.accessibility jdk.internal.jvmstat jdk.attach jdk.charsets jdk.internal.opt jdk.zipfs jdk.compiler jdk.crypto.ec jdk.crypto.cryptoki jdk.crypto.mscapi jdk.dynalink jdk.internal.ed jdk.editpad jdk.hotspot.agent jdk.httpserver jdk.incubator.vector jdk.internal.le jdk.internal.vm.ci jdk.internal.vm.compiler jdk.internal.vm.compiler.management jdk.jartool jdk.javadoc jdk.jcmd jdk.management jdk.management.agent jdk.jconsole jdk.jdeps jdk.jdwp.agent jdk.jdi jdk.jfr jdk.jlink jdk.jpackage jdk.jshell jdk.jsobject jdk.jstatd jdk.localedata jdk.management.jfr jdk.naming.dns jdk.naming.rmi jdk.net jdk.nio.mapmode jdk.random jdk.sctp jdk.security.auth jdk.security.jgss jdk.unsupported jdk.unsupported.desktop jdk.xml.dom" 
OS_ARCH="x86_64" 
OS_NAME="Windows" 
SOURCE=".:git:a633eafe0fcc" 
BUILD_SOURCE="git:458965074606f027bd5afce2cfd5c1055dea0438"
BUILD_SOURCE_REPO="https://github.com/adoptium/temurin-build.git"
SOURCE_REPO="https://github.com/adoptium/jdk21u.git"
FULL_VERSION="21.0.10+7-LTS"
SEMANTIC_VERSION="21.0.10+7"
BUILD_INFO="OS: Windows Server 2022 Version: 10.0"
JVM_VARIANT="Hotspot"
JVM_VERSION="21.0.10+7-LTS"
IMAGE_TYPE="JDK"

Environment Variables:
JAVA_HOME=C:\jdk-21
PATH=C:/pleiades/2026-03/java/21/bin/server;C:/pleiades/2026-03/java/21/bin;C:\Program Files\MariaDB 12.3\bin;C:\WINDOWS;C:\WINDOWS\System32\Wbem;C:\WINDOWS\System32\WindowsPowerShell\v1.0\;C:\WINDOWS\System32\OpenSSH\;C:\Program Files\Neovim\bin;C:\PortableGit\bin;C:\Program Files\Tailscale\;C:\WINDOWS\System32;C:\Users\info09\AppData\Local\Microsoft\WindowsApps;C:\jdk-21\bin;C:\Program Files (x86)\sakura;C:\Users\info09\AppData\Local\Programs\Microsoft VS Code\bin;C:\pleiades\2026-03\eclipse;
USERNAME=info09
OS=Windows_NT
PROCESSOR_IDENTIFIER=Intel64 Family 6 Model 198 Stepping 2, GenuineIntel
TMP=C:\Users\info09\AppData\Local\Temp
TEMP=C:\Users\info09\AppData\Local\Temp




Periodic native trim disabled

---------------  S Y S T E M  ---------------

OS:
 Windows 11 , 64 bit Build 26100 (10.0.26100.8875)
OS uptime: 0 days 6:04 hours
Hyper-V role detected

CPU: total 14 (initial active 14) (14 cores per cpu, 1 threads per core) family 6 model 198 stepping 2 microcode 0x117, cx8, cmov, fxsr, mmx, 3dnowpref, sse, sse2, sse3, ssse3, sse4.1, sse4.2, popcnt, lzcnt, tsc, tscinvbit, avx, avx2, aes, erms, clmul, bmi1, bmi2, adx, sha, fma, vzeroupper, clflush, clflushopt, clwb, hv, serialize, rdtscp, rdpid, fsrm, f16c, cet_ibt, cet_ss
Processor Information for processor 0
  Max Mhz: 3400, Current Mhz: 3400, Mhz Limit: 3400
Processor Information for processor 1
  Max Mhz: 3400, Current Mhz: 3400, Mhz Limit: 3400
Processor Information for processor 2
  Max Mhz: 2900, Current Mhz: 1522, Mhz Limit: 2900
Processor Information for processor 3
  Max Mhz: 2900, Current Mhz: 1522, Mhz Limit: 2900
Processor Information for processor 4
  Max Mhz: 2900, Current Mhz: 1522, Mhz Limit: 2900
Processor Information for processor 5
  Max Mhz: 2900, Current Mhz: 2900, Mhz Limit: 2900
Processor Information for processor 6
  Max Mhz: 2900, Current Mhz: 1522, Mhz Limit: 2900
Processor Information for processor 7
  Max Mhz: 2900, Current Mhz: 1522, Mhz Limit: 2900
Processor Information for processor 8
  Max Mhz: 2900, Current Mhz: 1522, Mhz Limit: 2900
Processor Information for processor 9
  Max Mhz: 2900, Current Mhz: 1522, Mhz Limit: 2900
Processor Information for processor 10
  Max Mhz: 3400, Current Mhz: 1511, Mhz Limit: 3400
Processor Information for processor 11
  Max Mhz: 3400, Current Mhz: 3400, Mhz Limit: 3400
Processor Information for processor 12
  Max Mhz: 3400, Current Mhz: 1511, Mhz Limit: 3400
Processor Information for processor 13
  Max Mhz: 3400, Current Mhz: 3400, Mhz Limit: 3400

Memory: 4k page, system-wide physical 15707M (1786M free)
TotalPageFile size 31579M (AvailPageFile size 3506M)
current process WorkingSet (physical memory assigned to process): 328M, peak: 381M
current process commit charge ("private bytes"): 418M, peak: 456M

vm_info: OpenJDK 64-Bit Server VM (21.0.10+7-LTS) for windows-amd64 JRE (21.0.10+7-LTS), built on 2026-01-20T00:00:00Z by "admin" with MS VC++ 17.12 (VS2022)

END.
